08-04 22:00:03.906 27570 27666 I MyOwnTag: <MutaFlowTag>a3f1f6f4-5601-42c9-b0c7-614d553f55c8<MutaFlowTag><android.util.Log: int d(java.lang.String,java.lang.String)>	int d(java.lang.String,java.lang.String)	492	52	29	java.lang.String doInBackground(java.lang.String[])	com.fungamesandapps.admediator.AdMediator$LongOperation<MutaFlowTag>Test List: <MutaFlowTag>Time: 2.103
08-04 22:00:03.908 27570 27666 I MyOwnTag: <MutaFlowTag>a3f1f6f4-5601-42c9-b0c7-614d553f55c8<MutaFlowTag><android.util.Log: int d(java.lang.String,java.lang.String)>	int d(java.lang.String,java.lang.String)	559	143	120	java.lang.String doInBackground(java.lang.String[])	com.fungamesandapps.admediator.AdMediator$LongOperation<MutaFlowTag>Test List: <MutaFlowTag>elapsedSeconds: 1.501876803908E9
08-04 22:00:03.909 27570 27666 I MyOwnTag: <MutaFlowTag>a3f1f6f4-5601-42c9-b0c7-614d553f55c8<MutaFlowTag><android.util.Log: int d(java.lang.String,java.lang.String)>	int d(java.lang.String,java.lang.String)	564	162	139	java.lang.String doInBackground(java.lang.String[])	com.fungamesandapps.admediator.AdMediator$LongOperation<MutaFlowTag>Test List: <MutaFlowTag>PR 1 isAvailable: false
08-04 22:00:03.911 27570 27666 I MyOwnTag: <MutaFlowTag>a3f1f6f4-5601-42c9-b0c7-614d553f55c8<MutaFlowTag><android.util.Log: int d(java.lang.String,java.lang.String)>	int d(java.lang.String,java.lang.String)	661	255	232	java.lang.String doInBackground(java.lang.String[])	com.fungamesandapps.admediator.AdMediator$LongOperation<MutaFlowTag>Test List: <MutaFlowTag>cacheInterstitial
08-04 22:00:03.922 27570 27666 I MyOwnTag: <MutaFlowTag>a3f1f6f4-5601-42c9-b0c7-614d553f55c8<MutaFlowTag><android.util.Log: int d(java.lang.String,java.lang.String)>	int d(java.lang.String,java.lang.String)	492	52	29	java.lang.String doInBackground(java.lang.String[])	com.fungamesandapps.admediator.AdMediator$LongOperation<MutaFlowTag>Test List: <MutaFlowTag>Time: 2.119
08-04 22:00:04.250 27570 27666 I MyOwnTag: <MutaFlowTag>a3f1f6f4-5601-42c9-b0c7-614d553f55c8<MutaFlowTag><android.util.Log: int d(java.lang.String,java.lang.String)>	int d(java.lang.String,java.lang.String)	492	52	29	java.lang.String doInBackground(java.lang.String[])	com.fungamesandapps.admediator.AdMediator$LongOperation<MutaFlowTag>Test List: <MutaFlowTag>Time: 2.447
08-04 22:00:04.253 27570 27666 I MyOwnTag: <MutaFlowTag>a3f1f6f4-5601-42c9-b0c7-614d553f55c8<MutaFlowTag><android.util.Log: int d(java.lang.String,java.lang.String)>	int d(java.lang.String,java.lang.String)	559	143	120	java.lang.String doInBackground(java.lang.String[])	com.fungamesandapps.admediator.AdMediator$LongOperation<MutaFlowTag>Test List: <MutaFlowTag>elapsedSeconds: 1.501876804252E9
08-04 22:00:04.254 27570 27666 I MyOwnTag: <MutaFlowTag>a3f1f6f4-5601-42c9-b0c7-614d553f55c8<MutaFlowTag><android.util.Log: int d(java.lang.String,java.lang.String)>	int d(java.lang.String,java.lang.String)	564	162	139	java.lang.String doInBackground(java.lang.String[])	com.fungamesandapps.admediator.AdMediator$LongOperation<MutaFlowTag>Test List: <MutaFlowTag>PR 1 isAvailable: false
08-04 22:00:04.256 27570 27666 I MyOwnTag: <MutaFlowTag>a3f1f6f4-5601-42c9-b0c7-614d553f55c8<MutaFlowTag><android.util.Log: int d(java.lang.String,java.lang.String)>	int d(java.lang.String,java.lang.String)	661	255	232	java.lang.String doInBackground(java.lang.String[])	com.fungamesandapps.admediator.AdMediator$LongOperation<MutaFlowTag>Test List: <MutaFlowTag>cacheInterstitial
08-04 22:00:04.276 27570 27666 I MyOwnTag: <MutaFlowTag>a3f1f6f4-5601-42c9-b0c7-614d553f55c8<MutaFlowTag><android.util.Log: int d(java.lang.String,java.lang.String)>	int d(java.lang.String,java.lang.String)	492	52	29	java.lang.String doInBackground(java.lang.String[])	com.fungamesandapps.admediator.AdMediator$LongOperation<MutaFlowTag>Test List: <MutaFlowTag>Time: 2.473
08-04 22:00:04.618 27570 27666 I MyOwnTag: <MutaFlowTag>a3f1f6f4-5601-42c9-b0c7-614d553f55c8<MutaFlowTag><android.util.Log: int d(java.lang.String,java.lang.String)>	int d(java.lang.String,java.lang.String)	492	52	29	java.lang.String doInBackground(java.lang.String[])	com.fungamesandapps.admediator.AdMediator$LongOperation<MutaFlowTag>Test List: <MutaFlowTag>Time: 2.815
08-04 22:00:04.620 27570 27666 I MyOwnTag: <MutaFlowTag>a3f1f6f4-5601-42c9-b0c7-614d553f55c8<MutaFlowTag><android.util.Log: int d(java.lang.String,java.lang.String)>	int d(java.lang.String,java.lang.String)	559	143	120	java.lang.String doInBackground(java.lang.String[])	com.fungamesandapps.admediator.AdMediator$LongOperation<MutaFlowTag>Test List: <MutaFlowTag>elapsedSeconds: 1.50187680462E9
08-04 22:00:04.621 27570 27666 I MyOwnTag: <MutaFlowTag>a3f1f6f4-5601-42c9-b0c7-614d553f55c8<MutaFlowTag><android.util.Log: int d(java.lang.String,java.lang.String)>	int d(java.lang.String,java.lang.String)	564	162	139	java.lang.String doInBackground(java.lang.String[])	com.fungamesandapps.admediator.AdMediator$LongOperation<MutaFlowTag>Test List: <MutaFlowTag>PR 1 isAvailable: false
08-04 22:00:04.623 27570 27666 I MyOwnTag: <MutaFlowTag>a3f1f6f4-5601-42c9-b0c7-614d553f55c8<MutaFlowTag><android.util.Log: int d(java.lang.String,java.lang.String)>	int d(java.lang.String,java.lang.String)	661	255	232	java.lang.String doInBackground(java.lang.String[])	com.fungamesandapps.admediator.AdMediator$LongOperation<MutaFlowTag>Test List: <MutaFlowTag>cacheInterstitial
08-04 22:00:04.663 27570 27666 I MyOwnTag: <MutaFlowTag>a3f1f6f4-5601-42c9-b0c7-614d553f55c8<MutaFlowTag><android.util.Log: int d(java.lang.String,java.lang.String)>	int d(java.lang.String,java.lang.String)	492	52	29	java.lang.String doInBackground(java.lang.String[])	com.fungamesandapps.admediator.AdMediator$LongOperation<MutaFlowTag>Test List: <MutaFlowTag>Time: 2.86
08-04 22:00:04.700 27570 27607 I MyOwnTag: <MutaFlowTag>a3f1f6f4-5601-42c9-b0c7-614d553f55c8<MutaFlowTag><java.net.URL: void <init>(java.lang.String)>	void <init>(java.lang.String)	101	134	25	org.apache.http.HttpResponse performRequest(com.mopub.volley.Request,java.util.Map)	com.mopub.volley.toolbox.HurlStack<MutaFlowTag>http://ads.mopub.com/m/ad?v=6&id=64c8afa2157c4f4a9d42d85828e672f9&nv=3.7.0&dn=LGE%2CNexus%205X%2Cbullhead&bundle=com.bikiniabs&z=%2B0200&o=p&w=1080&h=1920&sc_a=2.625&ct=2&av=5.1.5&udid=ifa%3A05d6cbe1-b187-4b8b-bd74-a9800f2d7ba5&dnt=0&mr=1&android_perms_ext_storage=1
08-04 22:00:05.006 27570 27666 I MyOwnTag: <MutaFlowTag>a3f1f6f4-5601-42c9-b0c7-614d553f55c8<MutaFlowTag><android.util.Log: int d(java.lang.String,java.lang.String)>	int d(java.lang.String,java.lang.String)	492	52	29	java.lang.String doInBackground(java.lang.String[])	com.fungamesandapps.admediator.AdMediator$LongOperation<MutaFlowTag>Test List: <MutaFlowTag>Time: 3.203
08-04 22:00:05.008 27570 27666 I MyOwnTag: <MutaFlowTag>a3f1f6f4-5601-42c9-b0c7-614d553f55c8<MutaFlowTag><android.util.Log: int d(java.lang.String,java.lang.String)>	int d(java.lang.String,java.lang.String)	559	143	120	java.lang.String doInBackground(java.lang.String[])	com.fungamesandapps.admediator.AdMediator$LongOperation<MutaFlowTag>Test List: <MutaFlowTag>elapsedSeconds: 1.501876805008E9
08-04 22:00:05.009 27570 27666 I MyOwnTag: <MutaFlowTag>a3f1f6f4-5601-42c9-b0c7-614d553f55c8<MutaFlowTag><android.util.Log: int d(java.lang.String,java.lang.String)>	int d(java.lang.String,java.lang.String)	564	162	139	java.lang.String doInBackground(java.lang.String[])	com.fungamesandapps.admediator.AdMediator$LongOperation<MutaFlowTag>Test List: <MutaFlowTag>PR 1 isAvailable: false
08-04 22:00:05.011 27570 27666 I MyOwnTag: <MutaFlowTag>a3f1f6f4-5601-42c9-b0c7-614d553f55c8<MutaFlowTag><android.util.Log: int d(java.lang.String,java.lang.String)>	int d(java.lang.String,java.lang.String)	661	255	232	java.lang.String doInBackground(java.lang.String[])	com.fungamesandapps.admediator.AdMediator$LongOperation<MutaFlowTag>Test List: <MutaFlowTag>cacheInterstitial
08-04 22:00:05.025 27570 27666 I MyOwnTag: <MutaFlowTag>a3f1f6f4-5601-42c9-b0c7-614d553f55c8<MutaFlowTag><android.util.Log: int d(java.lang.String,java.lang.String)>	int d(java.lang.String,java.lang.String)	492	52	29	java.lang.String doInBackground(java.lang.String[])	com.fungamesandapps.admediator.AdMediator$LongOperation<MutaFlowTag>Test List: <MutaFlowTag>Time: 3.222
08-04 22:00:05.368 27570 27666 I MyOwnTag: <MutaFlowTag>a3f1f6f4-5601-42c9-b0c7-614d553f55c8<MutaFlowTag><android.util.Log: int d(java.lang.String,java.lang.String)>	int d(java.lang.String,java.lang.String)	492	52	29	java.lang.String doInBackground(java.lang.String[])	com.fungamesandapps.admediator.AdMediator$LongOperation<MutaFlowTag>Test List: <MutaFlowTag>Time: 3.565
08-04 22:00:05.370 27570 27666 I MyOwnTag: <MutaFlowTag>a3f1f6f4-5601-42c9-b0c7-614d553f55c8<MutaFlowTag><android.util.Log: int d(java.lang.String,java.lang.String)>	int d(java.lang.String,java.lang.String)	559	143	120	java.lang.String doInBackground(java.lang.String[])	com.fungamesandapps.admediator.AdMediator$LongOperation<MutaFlowTag>Test List: <MutaFlowTag>elapsedSeconds: 1.50187680537E9
08-04 22:00:05.371 27570 27666 I MyOwnTag: <MutaFlowTag>a3f1f6f4-5601-42c9-b0c7-614d553f55c8<MutaFlowTag><android.util.Log: int d(java.lang.String,java.lang.String)>	int d(java.lang.String,java.lang.String)	564	162	139	java.lang.String doInBackground(java.lang.String[])	com.fungamesandapps.admediator.AdMediator$LongOperation<MutaFlowTag>Test List: <MutaFlowTag>PR 1 isAvailable: false
08-04 22:00:05.373 27570 27666 I MyOwnTag: <MutaFlowTag>a3f1f6f4-5601-42c9-b0c7-614d553f55c8<MutaFlowTag><android.util.Log: int d(java.lang.String,java.lang.String)>	int d(java.lang.String,java.lang.String)	661	255	232	java.lang.String doInBackground(java.lang.String[])	com.fungamesandapps.admediator.AdMediator$LongOperation<MutaFlowTag>Test List: <MutaFlowTag>cacheInterstitial
08-04 22:00:05.387 27570 27666 I MyOwnTag: <MutaFlowTag>a3f1f6f4-5601-42c9-b0c7-614d553f55c8<MutaFlowTag><android.util.Log: int d(java.lang.String,java.lang.String)>	int d(java.lang.String,java.lang.String)	492	52	29	java.lang.String doInBackground(java.lang.String[])	com.fungamesandapps.admediator.AdMediator$LongOperation<MutaFlowTag>Test List: <MutaFlowTag>Time: 3.584
08-04 22:00:05.690 27570 27666 I MyOwnTag: <MutaFlowTag>a3f1f6f4-5601-42c9-b0c7-614d553f55c8<MutaFlowTag><android.util.Log: int d(java.lang.String,java.lang.String)>	int d(java.lang.String,java.lang.String)	492	52	29	java.lang.String doInBackground(java.lang.String[])	com.fungamesandapps.admediator.AdMediator$LongOperation<MutaFlowTag>Test List: <MutaFlowTag>Time: 3.886
08-04 22:00:05.691 27570 27666 I MyOwnTag: <MutaFlowTag>a3f1f6f4-5601-42c9-b0c7-614d553f55c8<MutaFlowTag><android.util.Log: int d(java.lang.String,java.lang.String)>	int d(java.lang.String,java.lang.String)	559	143	120	java.lang.String doInBackground(java.lang.String[])	com.fungamesandapps.admediator.AdMediator$LongOperation<MutaFlowTag>Test List: <MutaFlowTag>elapsedSeconds: 1.501876805691E9
08-04 22:00:05.692 27570 27666 I MyOwnTag: <MutaFlowTag>a3f1f6f4-5601-42c9-b0c7-614d553f55c8<MutaFlowTag><android.util.Log: int d(java.lang.String,java.lang.String)>	int d(java.lang.String,java.lang.String)	564	162	139	java.lang.String doInBackground(java.lang.String[])	com.fungamesandapps.admediator.AdMediator$LongOperation<MutaFlowTag>Test List: <MutaFlowTag>PR 1 isAvailable: false
08-04 22:00:05.694 27570 27666 I MyOwnTag: <MutaFlowTag>a3f1f6f4-5601-42c9-b0c7-614d553f55c8<MutaFlowTag><android.util.Log: int d(java.lang.String,java.lang.String)>	int d(java.lang.String,java.lang.String)	661	255	232	java.lang.String doInBackground(java.lang.String[])	com.fungamesandapps.admediator.AdMediator$LongOperation<MutaFlowTag>Test List: <MutaFlowTag>cacheInterstitial
08-04 22:00:05.708 27570 27666 I MyOwnTag: <MutaFlowTag>a3f1f6f4-5601-42c9-b0c7-614d553f55c8<MutaFlowTag><android.util.Log: int d(java.lang.String,java.lang.String)>	int d(java.lang.String,java.lang.String)	492	52	29	java.lang.String doInBackground(java.lang.String[])	com.fungamesandapps.admediator.AdMediator$LongOperation<MutaFlowTag>Test List: <MutaFlowTag>Time: 3.905
08-04 22:00:06.051 27570 27666 I MyOwnTag: <MutaFlowTag>a3f1f6f4-5601-42c9-b0c7-614d553f55c8<MutaFlowTag><android.util.Log: int d(java.lang.String,java.lang.String)>	int d(java.lang.String,java.lang.String)	492	52	29	java.lang.String doInBackground(java.lang.String[])	com.fungamesandapps.admediator.AdMediator$LongOperation<MutaFlowTag>Test List: <MutaFlowTag>Time: 4.248
08-04 22:00:06.052 27570 27666 I MyOwnTag: <MutaFlowTag>a3f1f6f4-5601-42c9-b0c7-614d553f55c8<MutaFlowTag><android.util.Log: int d(java.lang.String,java.lang.String)>	int d(java.lang.String,java.lang.String)	559	143	120	java.lang.String doInBackground(java.lang.String[])	com.fungamesandapps.admediator.AdMediator$LongOperation<MutaFlowTag>Test List: <MutaFlowTag>elapsedSeconds: 1.501876806052E9
08-04 22:00:06.054 27570 27666 I MyOwnTag: <MutaFlowTag>a3f1f6f4-5601-42c9-b0c7-614d553f55c8<MutaFlowTag><android.util.Log: int d(java.lang.String,java.lang.String)>	int d(java.lang.String,java.lang.String)	564	162	139	java.lang.String doInBackground(java.lang.String[])	com.fungamesandapps.admediator.AdMediator$LongOperation<MutaFlowTag>Test List: <MutaFlowTag>PR 1 isAvailable: false
08-04 22:00:06.055 27570 27666 I MyOwnTag: <MutaFlowTag>a3f1f6f4-5601-42c9-b0c7-614d553f55c8<MutaFlowTag><android.util.Log: int d(java.lang.String,java.lang.String)>	int d(java.lang.String,java.lang.String)	661	255	232	java.lang.String doInBackground(java.lang.String[])	com.fungamesandapps.admediator.AdMediator$LongOperation<MutaFlowTag>Test List: <MutaFlowTag>cacheInterstitial
08-04 22:00:06.067 27570 27666 I MyOwnTag: <MutaFlowTag>a3f1f6f4-5601-42c9-b0c7-614d553f55c8<MutaFlowTag><android.util.Log: int d(java.lang.String,java.lang.String)>	int d(java.lang.String,java.lang.String)	492	52	29	java.lang.String doInBackground(java.lang.String[])	com.fungamesandapps.admediator.AdMediator$LongOperation<MutaFlowTag>Test List: <MutaFlowTag>Time: 4.264
08-04 22:00:06.407 27570 27666 I MyOwnTag: <MutaFlowTag>a3f1f6f4-5601-42c9-b0c7-614d553f55c8<MutaFlowTag><android.util.Log: int d(java.lang.String,java.lang.String)>	int d(java.lang.String,java.lang.String)	492	52	29	java.lang.String doInBackground(java.lang.String[])	com.fungamesandapps.admediator.AdMediator$LongOperation<MutaFlowTag>Test List: <MutaFlowTag>Time: 4.604
08-04 22:00:06.409 27570 27666 I MyOwnTag: <MutaFlowTag>a3f1f6f4-5601-42c9-b0c7-614d553f55c8<MutaFlowTag><android.util.Log: int d(java.lang.String,java.lang.String)>	int d(java.lang.String,java.lang.String)	559	143	120	java.lang.String doInBackground(java.lang.String[])	com.fungamesandapps.admediator.AdMediator$LongOperation<MutaFlowTag>Test List: <MutaFlowTag>elapsedSeconds: 1.501876806409E9
08-04 22:00:06.411 27570 27666 I MyOwnTag: <MutaFlowTag>a3f1f6f4-5601-42c9-b0c7-614d553f55c8<MutaFlowTag><android.util.Log: int d(java.lang.String,java.lang.String)>	int d(java.lang.String,java.lang.String)	564	162	139	java.lang.String doInBackground(java.lang.String[])	com.fungamesandapps.admediator.AdMediator$LongOperation<MutaFlowTag>Test List: <MutaFlowTag>PR 1 isAvailable: false
08-04 22:00:06.413 27570 27666 I MyOwnTag: <MutaFlowTag>a3f1f6f4-5601-42c9-b0c7-614d553f55c8<MutaFlowTag><android.util.Log: int d(java.lang.String,java.lang.String)>	int d(java.lang.String,java.lang.String)	661	255	232	java.lang.String doInBackground(java.lang.String[])	com.fungamesandapps.admediator.AdMediator$LongOperation<MutaFlowTag>Test List: <MutaFlowTag>cacheInterstitial
08-04 22:00:06.425 27570 27666 I MyOwnTag: <MutaFlowTag>a3f1f6f4-5601-42c9-b0c7-614d553f55c8<MutaFlowTag><android.util.Log: int d(java.lang.String,java.lang.String)>	int d(java.lang.String,java.lang.String)	492	52	29	java.lang.String doInBackground(java.lang.String[])	com.fungamesandapps.admediator.AdMediator$LongOperation<MutaFlowTag>Test List: <MutaFlowTag>Time: 4.622
08-04 22:00:06.768 27570 27666 I MyOwnTag: <MutaFlowTag>a3f1f6f4-5601-42c9-b0c7-614d553f55c8<MutaFlowTag><android.util.Log: int d(java.lang.String,java.lang.String)>	int d(java.lang.String,java.lang.String)	492	52	29	java.lang.String doInBackground(java.lang.String[])	com.fungamesandapps.admediator.AdMediator$LongOperation<MutaFlowTag>Test List: <MutaFlowTag>Time: 4.965
08-04 22:00:06.770 27570 27666 I MyOwnTag: <MutaFlowTag>a3f1f6f4-5601-42c9-b0c7-614d553f55c8<MutaFlowTag><android.util.Log: int d(java.lang.String,java.lang.String)>	int d(java.lang.String,java.lang.String)	559	143	120	java.lang.String doInBackground(java.lang.String[])	com.fungamesandapps.admediator.AdMediator$LongOperation<MutaFlowTag>Test List: <MutaFlowTag>elapsedSeconds: 1.50187680677E9
08-04 22:00:06.772 27570 27666 I MyOwnTag: <MutaFlowTag>a3f1f6f4-5601-42c9-b0c7-614d553f55c8<MutaFlowTag><android.util.Log: int d(java.lang.String,java.lang.String)>	int d(java.lang.String,java.lang.String)	564	162	139	java.lang.String doInBackground(java.lang.String[])	com.fungamesandapps.admediator.AdMediator$LongOperation<MutaFlowTag>Test List: <MutaFlowTag>PR 1 isAvailable: false
08-04 22:00:06.774 27570 27666 I MyOwnTag: <MutaFlowTag>a3f1f6f4-5601-42c9-b0c7-614d553f55c8<MutaFlowTag><android.util.Log: int d(java.lang.String,java.lang.String)>	int d(java.lang.String,java.lang.String)	661	255	232	java.lang.String doInBackground(java.lang.String[])	com.fungamesandapps.admediator.AdMediator$LongOperation<MutaFlowTag>Test List: <MutaFlowTag>cacheInterstitial
08-04 22:00:06.785 27570 27666 I MyOwnTag: <MutaFlowTag>a3f1f6f4-5601-42c9-b0c7-614d553f55c8<MutaFlowTag><android.util.Log: int d(java.lang.String,java.lang.String)>	int d(java.lang.String,java.lang.String)	492	52	29	java.lang.String doInBackground(java.lang.String[])	com.fungamesandapps.admediator.AdMediator$LongOperation<MutaFlowTag>Test List: <MutaFlowTag>Time: 4.982
08-04 22:00:07.127 27570 27666 I MyOwnTag: <MutaFlowTag>a3f1f6f4-5601-42c9-b0c7-614d553f55c8<MutaFlowTag><android.util.Log: int d(java.lang.String,java.lang.String)>	int d(java.lang.String,java.lang.String)	492	52	29	java.lang.String doInBackground(java.lang.String[])	com.fungamesandapps.admediator.AdMediator$LongOperation<MutaFlowTag>Test List: <MutaFlowTag>Time: 5.324
08-04 22:00:07.129 27570 27666 I MyOwnTag: <MutaFlowTag>a3f1f6f4-5601-42c9-b0c7-614d553f55c8<MutaFlowTag><android.util.Log: int d(java.lang.String,java.lang.String)>	int d(java.lang.String,java.lang.String)	559	143	120	java.lang.String doInBackground(java.lang.String[])	com.fungamesandapps.admediator.AdMediator$LongOperation<MutaFlowTag>Test List: <MutaFlowTag>elapsedSeconds: 1.501876807129E9
08-04 22:00:07.130 27570 27666 I MyOwnTag: <MutaFlowTag>a3f1f6f4-5601-42c9-b0c7-614d553f55c8<MutaFlowTag><android.util.Log: int d(java.lang.String,java.lang.String)>	int d(java.lang.String,java.lang.String)	564	162	139	java.lang.String doInBackground(java.lang.String[])	com.fungamesandapps.admediator.AdMediator$LongOperation<MutaFlowTag>Test List: <MutaFlowTag>PR 1 isAvailable: false
08-04 22:00:07.132 27570 27666 I MyOwnTag: <MutaFlowTag>a3f1f6f4-5601-42c9-b0c7-614d553f55c8<MutaFlowTag><android.util.Log: int d(java.lang.String,java.lang.String)>	int d(java.lang.String,java.lang.String)	661	255	232	java.lang.String doInBackground(java.lang.String[])	com.fungamesandapps.admediator.AdMediator$LongOperation<MutaFlowTag>Test List: <MutaFlowTag>cacheInterstitial
08-04 22:00:07.144 27570 27666 I MyOwnTag: <MutaFlowTag>a3f1f6f4-5601-42c9-b0c7-614d553f55c8<MutaFlowTag><android.util.Log: int d(java.lang.String,java.lang.String)>	int d(java.lang.String,java.lang.String)	492	52	29	java.lang.String doInBackground(java.lang.String[])	com.fungamesandapps.admediator.AdMediator$LongOperation<MutaFlowTag>Test List: <MutaFlowTag>Time: 5.341
08-04 22:00:07.348 27570 27607 I MyOwnTag: <MutaFlowTag>a3f1f6f4-5601-42c9-b0c7-614d553f55c8<MutaFlowTag><android.util.Log: int d(java.lang.String,java.lang.String)>	int d(java.lang.String,java.lang.String)	55	60	5	void d(java.lang.String,java.lang.Object[])	com.mopub.volley.VolleyLog<MutaFlowTag>Volley<MutaFlowTag>[6260] BasicNetwork.logSlowRequests: HTTP response for request=<[ ] http://ads.mopub.com/m/ad?v=6&id=64c8afa2157c4f4a9d42d85828e672f9&nv=3.7.0&dn=LGE%2CNexus%205X%2Cbullhead&bundle=com.bikiniabs&z=%2B0200&o=p&w=1080&h=1920&sc_a=2.625&ct=2&av=5.1.5&udid=mp_tmpl_advertising_id&dnt=mp_tmpl_do_not_track&mr=1&android_perms_ext_storage=1 0x469abf70 NORMAL 1> [lifetime=5921], [size=7146], [rc=200], [retryCount=1]
08-04 22:00:07.379 27570 27570 I MyOwnTag: <MutaFlowTag>a3f1f6f4-5601-42c9-b0c7-614d553f55c8<MutaFlowTag><android.content.IntentFilter: void addAction(java.lang.String)>	void addAction(java.lang.String)	41	26	7	android.content.IntentFilter getHtmlInterstitialIntentFilter()	com.mopub.mobileads.EventForwardingBroadcastReceiver<MutaFlowTag>com.mopub.action.interstitial.fail
08-04 22:00:07.380 27570 27570 I MyOwnTag: <MutaFlowTag>a3f1f6f4-5601-42c9-b0c7-614d553f55c8<MutaFlowTag><android.content.IntentFilter: void addAction(java.lang.String)>	void addAction(java.lang.String)	42	28	9	android.content.IntentFilter getHtmlInterstitialIntentFilter()	com.mopub.mobileads.EventForwardingBroadcastReceiver<MutaFlowTag>com.mopub.action.interstitial.show
08-04 22:00:07.381 27570 27570 I MyOwnTag: <MutaFlowTag>a3f1f6f4-5601-42c9-b0c7-614d553f55c8<MutaFlowTag><android.content.IntentFilter: void addAction(java.lang.String)>	void addAction(java.lang.String)	43	30	11	android.content.IntentFilter getHtmlInterstitialIntentFilter()	com.mopub.mobileads.EventForwardingBroadcastReceiver<MutaFlowTag>com.mopub.action.interstitial.dismiss
08-04 22:00:07.382 27570 27570 I MyOwnTag: <MutaFlowTag>a3f1f6f4-5601-42c9-b0c7-614d553f55c8<MutaFlowTag><android.content.IntentFilter: void addAction(java.lang.String)>	void addAction(java.lang.String)	44	32	13	android.content.IntentFilter getHtmlInterstitialIntentFilter()	com.mopub.mobileads.EventForwardingBroadcastReceiver<MutaFlowTag>com.mopub.action.interstitial.click
08-04 22:00:07.410 27570 27570 I MyOwnTag: <MutaFlowTag>a3f1f6f4-5601-42c9-b0c7-614d553f55c8<MutaFlowTag><android.util.Log: int d(java.lang.String,java.lang.String)>	int d(java.lang.String,java.lang.String)	55	60	5	void d(java.lang.String,java.lang.Object[])	com.mopub.volley.VolleyLog<MutaFlowTag>Volley<MutaFlowTag>[1] Request.finish: 5984 ms: [X] http://ads.mopub.com/m/ad?v=6&id=64c8afa2157c4f4a9d42d85828e672f9&nv=3.7.0&dn=LGE%2CNexus%205X%2Cbullhead&bundle=com.bikiniabs&z=%2B0200&o=p&w=1080&h=1920&sc_a=2.625&ct=2&av=5.1.5&udid=mp_tmpl_advertising_id&dnt=mp_tmpl_do_not_track&mr=1&android_perms_ext_storage=1 0x469abf70 NORMAL 1
08-04 22:00:07.484 27570 27666 I MyOwnTag: <MutaFlowTag>a3f1f6f4-5601-42c9-b0c7-614d553f55c8<MutaFlowTag><android.util.Log: int d(java.lang.String,java.lang.String)>	int d(java.lang.String,java.lang.String)	492	52	29	java.lang.String doInBackground(java.lang.String[])	com.fungamesandapps.admediator.AdMediator$LongOperation<MutaFlowTag>Test List: <MutaFlowTag>Time: 5.681
08-04 22:00:07.485 27570 27666 I MyOwnTag: <MutaFlowTag>a3f1f6f4-5601-42c9-b0c7-614d553f55c8<MutaFlowTag><android.util.Log: int d(java.lang.String,java.lang.String)>	int d(java.lang.String,java.lang.String)	559	143	120	java.lang.String doInBackground(java.lang.String[])	com.fungamesandapps.admediator.AdMediator$LongOperation<MutaFlowTag>Test List: <MutaFlowTag>elapsedSeconds: 1.501876807485E9
08-04 22:00:07.486 27570 27666 I MyOwnTag: <MutaFlowTag>a3f1f6f4-5601-42c9-b0c7-614d553f55c8<MutaFlowTag><android.util.Log: int d(java.lang.String,java.lang.String)>	int d(java.lang.String,java.lang.String)	564	162	139	java.lang.String doInBackground(java.lang.String[])	com.fungamesandapps.admediator.AdMediator$LongOperation<MutaFlowTag>Test List: <MutaFlowTag>PR 1 isAvailable: false
08-04 22:00:07.488 27570 27666 I MyOwnTag: <MutaFlowTag>a3f1f6f4-5601-42c9-b0c7-614d553f55c8<MutaFlowTag><android.util.Log: int d(java.lang.String,java.lang.String)>	int d(java.lang.String,java.lang.String)	661	255	232	java.lang.String doInBackground(java.lang.String[])	com.fungamesandapps.admediator.AdMediator$LongOperation<MutaFlowTag>Test List: <MutaFlowTag>cacheInterstitial
08-04 22:00:07.493 27570 27666 I MyOwnTag: <MutaFlowTag>a3f1f6f4-5601-42c9-b0c7-614d553f55c8<MutaFlowTag><android.util.Log: int d(java.lang.String,java.lang.String)>	int d(java.lang.String,java.lang.String)	492	52	29	java.lang.String doInBackground(java.lang.String[])	com.fungamesandapps.admediator.AdMediator$LongOperation<MutaFlowTag>Test List: <MutaFlowTag>Time: 5.69
08-04 22:00:07.508 27570 27608 I MyOwnTag: <MutaFlowTag>a3f1f6f4-5601-42c9-b0c7-614d553f55c8<MutaFlowTag><java.net.URL: void <init>(java.lang.String)>	void <init>(java.lang.String)	101	134	25	org.apache.http.HttpResponse performRequest(com.mopub.volley.Request,java.util.Map)	com.mopub.volley.toolbox.HurlStack<MutaFlowTag>http://ads.mopub.com/m/ad?v=6&id=64c8afa2157c4f4a9d42d85828e672f9&nv=3.7.0&dn=LGE%2CNexus%205X%2Cbullhead&bundle=com.bikiniabs&z=%2B0200&o=p&w=1080&h=1920&sc_a=2.625&ct=2&av=5.1.5&udid=ifa%3A05d6cbe1-b187-4b8b-bd74-a9800f2d7ba5&dnt=0&mr=1&android_perms_ext_storage=1
08-04 22:00:07.810 27570 27666 I MyOwnTag: <MutaFlowTag>a3f1f6f4-5601-42c9-b0c7-614d553f55c8<MutaFlowTag><android.util.Log: int d(java.lang.String,java.lang.String)>	int d(java.lang.String,java.lang.String)	492	52	29	java.lang.String doInBackground(java.lang.String[])	com.fungamesandapps.admediator.AdMediator$LongOperation<MutaFlowTag>Test List: <MutaFlowTag>Time: 6.007
08-04 22:00:07.812 27570 27666 I MyOwnTag: <MutaFlowTag>a3f1f6f4-5601-42c9-b0c7-614d553f55c8<MutaFlowTag><android.util.Log: int d(java.lang.String,java.lang.String)>	int d(java.lang.String,java.lang.String)	559	143	120	java.lang.String doInBackground(java.lang.String[])	com.fungamesandapps.admediator.AdMediator$LongOperation<MutaFlowTag>Test List: <MutaFlowTag>elapsedSeconds: 1.501876807812E9
08-04 22:00:07.814 27570 27666 I MyOwnTag: <MutaFlowTag>a3f1f6f4-5601-42c9-b0c7-614d553f55c8<MutaFlowTag><android.util.Log: int d(java.lang.String,java.lang.String)>	int d(java.lang.String,java.lang.String)	564	162	139	java.lang.String doInBackground(java.lang.String[])	com.fungamesandapps.admediator.AdMediator$LongOperation<MutaFlowTag>Test List: <MutaFlowTag>PR 1 isAvailable: false
08-04 22:00:07.815 27570 27666 I MyOwnTag: <MutaFlowTag>a3f1f6f4-5601-42c9-b0c7-614d553f55c8<MutaFlowTag><android.util.Log: int d(java.lang.String,java.lang.String)>	int d(java.lang.String,java.lang.String)	661	255	232	java.lang.String doInBackground(java.lang.String[])	com.fungamesandapps.admediator.AdMediator$LongOperation<MutaFlowTag>Test List: <MutaFlowTag>cacheInterstitial
08-04 22:00:07.830 27570 27666 I MyOwnTag: <MutaFlowTag>a3f1f6f4-5601-42c9-b0c7-614d553f55c8<MutaFlowTag><android.util.Log: int d(java.lang.String,java.lang.String)>	int d(java.lang.String,java.lang.String)	492	52	29	java.lang.String doInBackground(java.lang.String[])	com.fungamesandapps.admediator.AdMediator$LongOperation<MutaFlowTag>Test List: <MutaFlowTag>Time: 6.027
08-04 22:00:08.173 27570 27666 I MyOwnTag: <MutaFlowTag>a3f1f6f4-5601-42c9-b0c7-614d553f55c8<MutaFlowTag><android.util.Log: int d(java.lang.String,java.lang.String)>	int d(java.lang.String,java.lang.String)	492	52	29	java.lang.String doInBackground(java.lang.String[])	com.fungamesandapps.admediator.AdMediator$LongOperation<MutaFlowTag>Test List: <MutaFlowTag>Time: 6.37
08-04 22:00:08.179 27570 27666 I MyOwnTag: <MutaFlowTag>a3f1f6f4-5601-42c9-b0c7-614d553f55c8<MutaFlowTag><android.util.Log: int d(java.lang.String,java.lang.String)>	int d(java.lang.String,java.lang.String)	559	143	120	java.lang.String doInBackground(java.lang.String[])	com.fungamesandapps.admediator.AdMediator$LongOperation<MutaFlowTag>Test List: <MutaFlowTag>elapsedSeconds: 1.501876808178E9
08-04 22:00:08.180 27570 27666 I MyOwnTag: <MutaFlowTag>a3f1f6f4-5601-42c9-b0c7-614d553f55c8<MutaFlowTag><android.util.Log: int d(java.lang.String,java.lang.String)>	int d(java.lang.String,java.lang.String)	564	162	139	java.lang.String doInBackground(java.lang.String[])	com.fungamesandapps.admediator.AdMediator$LongOperation<MutaFlowTag>Test List: <MutaFlowTag>PR 1 isAvailable: false
08-04 22:00:08.182 27570 27666 I MyOwnTag: <MutaFlowTag>a3f1f6f4-5601-42c9-b0c7-614d553f55c8<MutaFlowTag><android.util.Log: int d(java.lang.String,java.lang.String)>	int d(java.lang.String,java.lang.String)	661	255	232	java.lang.String doInBackground(java.lang.String[])	com.fungamesandapps.admediator.AdMediator$LongOperation<MutaFlowTag>Test List: <MutaFlowTag>cacheInterstitial
08-04 22:00:08.189 27570 27666 I MyOwnTag: <MutaFlowTag>a3f1f6f4-5601-42c9-b0c7-614d553f55c8<MutaFlowTag><android.util.Log: int d(java.lang.String,java.lang.String)>	int d(java.lang.String,java.lang.String)	492	52	29	java.lang.String doInBackground(java.lang.String[])	com.fungamesandapps.admediator.AdMediator$LongOperation<MutaFlowTag>Test List: <MutaFlowTag>Time: 6.386
08-04 22:00:08.531 27570 27666 I MyOwnTag: <MutaFlowTag>a3f1f6f4-5601-42c9-b0c7-614d553f55c8<MutaFlowTag><android.util.Log: int d(java.lang.String,java.lang.String)>	int d(java.lang.String,java.lang.String)	492	52	29	java.lang.String doInBackground(java.lang.String[])	com.fungamesandapps.admediator.AdMediator$LongOperation<MutaFlowTag>Test List: <MutaFlowTag>Time: 6.727
08-04 22:00:08.532 27570 27666 I MyOwnTag: <MutaFlowTag>a3f1f6f4-5601-42c9-b0c7-614d553f55c8<MutaFlowTag><android.util.Log: int d(java.lang.String,java.lang.String)>	int d(java.lang.String,java.lang.String)	559	143	120	java.lang.String doInBackground(java.lang.String[])	com.fungamesandapps.admediator.AdMediator$LongOperation<MutaFlowTag>Test List: <MutaFlowTag>elapsedSeconds: 1.501876808532E9
08-04 22:00:08.534 27570 27666 I MyOwnTag: <MutaFlowTag>a3f1f6f4-5601-42c9-b0c7-614d553f55c8<MutaFlowTag><android.util.Log: int d(java.lang.String,java.lang.String)>	int d(java.lang.String,java.lang.String)	564	162	139	java.lang.String doInBackground(java.lang.String[])	com.fungamesandapps.admediator.AdMediator$LongOperation<MutaFlowTag>Test List: <MutaFlowTag>PR 1 isAvailable: false
08-04 22:00:08.535 27570 27666 I MyOwnTag: <MutaFlowTag>a3f1f6f4-5601-42c9-b0c7-614d553f55c8<MutaFlowTag><android.util.Log: int d(java.lang.String,java.lang.String)>	int d(java.lang.String,java.lang.String)	661	255	232	java.lang.String doInBackground(java.lang.String[])	com.fungamesandapps.admediator.AdMediator$LongOperation<MutaFlowTag>Test List: <MutaFlowTag>cacheInterstitial
08-04 22:00:08.547 27570 27666 I MyOwnTag: <MutaFlowTag>a3f1f6f4-5601-42c9-b0c7-614d553f55c8<MutaFlowTag><android.util.Log: int d(java.lang.String,java.lang.String)>	int d(java.lang.String,java.lang.String)	492	52	29	java.lang.String doInBackground(java.lang.String[])	com.fungamesandapps.admediator.AdMediator$LongOperation<MutaFlowTag>Test List: <MutaFlowTag>Time: 6.744
08-04 22:00:08.890 27570 27666 I MyOwnTag: <MutaFlowTag>a3f1f6f4-5601-42c9-b0c7-614d553f55c8<MutaFlowTag><android.util.Log: int d(java.lang.String,java.lang.String)>	int d(java.lang.String,java.lang.String)	492	52	29	java.lang.String doInBackground(java.lang.String[])	com.fungamesandapps.admediator.AdMediator$LongOperation<MutaFlowTag>Test List: <MutaFlowTag>Time: 7.087
08-04 22:00:08.893 27570 27666 I MyOwnTag: <MutaFlowTag>a3f1f6f4-5601-42c9-b0c7-614d553f55c8<MutaFlowTag><android.util.Log: int d(java.lang.String,java.lang.String)>	int d(java.lang.String,java.lang.String)	559	143	120	java.lang.String doInBackground(java.lang.String[])	com.fungamesandapps.admediator.AdMediator$LongOperation<MutaFlowTag>Test List: <MutaFlowTag>elapsedSeconds: 1.501876808892E9
08-04 22:00:08.895 27570 27666 I MyOwnTag: <MutaFlowTag>a3f1f6f4-5601-42c9-b0c7-614d553f55c8<MutaFlowTag><android.util.Log: int d(java.lang.String,java.lang.String)>	int d(java.lang.String,java.lang.String)	564	162	139	java.lang.String doInBackground(java.lang.String[])	com.fungamesandapps.admediator.AdMediator$LongOperation<MutaFlowTag>Test List: <MutaFlowTag>PR 1 isAvailable: false
08-04 22:00:08.896 27570 27666 I MyOwnTag: <MutaFlowTag>a3f1f6f4-5601-42c9-b0c7-614d553f55c8<MutaFlowTag><android.util.Log: int d(java.lang.String,java.lang.String)>	int d(java.lang.String,java.lang.String)	661	255	232	java.lang.String doInBackground(java.lang.String[])	com.fungamesandapps.admediator.AdMediator$LongOperation<MutaFlowTag>Test List: <MutaFlowTag>cacheInterstitial
08-04 22:00:08.909 27570 27666 I MyOwnTag: <MutaFlowTag>a3f1f6f4-5601-42c9-b0c7-614d553f55c8<MutaFlowTag><android.util.Log: int d(java.lang.String,java.lang.String)>	int d(java.lang.String,java.lang.String)	492	52	29	java.lang.String doInBackground(java.lang.String[])	com.fungamesandapps.admediator.AdMediator$LongOperation<MutaFlowTag>Test List: <MutaFlowTag>Time: 7.106
08-04 22:00:09.251 27570 27666 I MyOwnTag: <MutaFlowTag>a3f1f6f4-5601-42c9-b0c7-614d553f55c8<MutaFlowTag><android.util.Log: int d(java.lang.String,java.lang.String)>	int d(java.lang.String,java.lang.String)	492	52	29	java.lang.String doInBackground(java.lang.String[])	com.fungamesandapps.admediator.AdMediator$LongOperation<MutaFlowTag>Test List: <MutaFlowTag>Time: 7.448
08-04 22:00:09.253 27570 27666 I MyOwnTag: <MutaFlowTag>a3f1f6f4-5601-42c9-b0c7-614d553f55c8<MutaFlowTag><android.util.Log: int d(java.lang.String,java.lang.String)>	int d(java.lang.String,java.lang.String)	559	143	120	java.lang.String doInBackground(java.lang.String[])	com.fungamesandapps.admediator.AdMediator$LongOperation<MutaFlowTag>Test List: <MutaFlowTag>elapsedSeconds: 1.501876809253E9
08-04 22:00:09.255 27570 27666 I MyOwnTag: <MutaFlowTag>a3f1f6f4-5601-42c9-b0c7-614d553f55c8<MutaFlowTag><android.util.Log: int d(java.lang.String,java.lang.String)>	int d(java.lang.String,java.lang.String)	564	162	139	java.lang.String doInBackground(java.lang.String[])	com.fungamesandapps.admediator.AdMediator$LongOperation<MutaFlowTag>Test List: <MutaFlowTag>PR 1 isAvailable: false
08-04 22:00:09.257 27570 27666 I MyOwnTag: <MutaFlowTag>a3f1f6f4-5601-42c9-b0c7-614d553f55c8<MutaFlowTag><android.util.Log: int d(java.lang.String,java.lang.String)>	int d(java.lang.String,java.lang.String)	661	255	232	java.lang.String doInBackground(java.lang.String[])	com.fungamesandapps.admediator.AdMediator$LongOperation<MutaFlowTag>Test List: <MutaFlowTag>cacheInterstitial
08-04 22:00:09.275 27570 27666 I MyOwnTag: <MutaFlowTag>a3f1f6f4-5601-42c9-b0c7-614d553f55c8<MutaFlowTag><android.util.Log: int d(java.lang.String,java.lang.String)>	int d(java.lang.String,java.lang.String)	492	52	29	java.lang.String doInBackground(java.lang.String[])	com.fungamesandapps.admediator.AdMediator$LongOperation<MutaFlowTag>Test List: <MutaFlowTag>Time: 7.472
08-04 22:00:09.619 27570 27666 I MyOwnTag: <MutaFlowTag>a3f1f6f4-5601-42c9-b0c7-614d553f55c8<MutaFlowTag><android.util.Log: int d(java.lang.String,java.lang.String)>	int d(java.lang.String,java.lang.String)	492	52	29	java.lang.String doInBackground(java.lang.String[])	com.fungamesandapps.admediator.AdMediator$LongOperation<MutaFlowTag>Test List: <MutaFlowTag>Time: 7.816
08-04 22:00:09.621 27570 27666 I MyOwnTag: <MutaFlowTag>a3f1f6f4-5601-42c9-b0c7-614d553f55c8<MutaFlowTag><android.util.Log: int d(java.lang.String,java.lang.String)>	int d(java.lang.String,java.lang.String)	559	143	120	java.lang.String doInBackground(java.lang.String[])	com.fungamesandapps.admediator.AdMediator$LongOperation<MutaFlowTag>Test List: <MutaFlowTag>elapsedSeconds: 1.501876809621E9
08-04 22:00:09.622 27570 27666 I MyOwnTag: <MutaFlowTag>a3f1f6f4-5601-42c9-b0c7-614d553f55c8<MutaFlowTag><android.util.Log: int d(java.lang.String,java.lang.String)>	int d(java.lang.String,java.lang.String)	564	162	139	java.lang.String doInBackground(java.lang.String[])	com.fungamesandapps.admediator.AdMediator$LongOperation<MutaFlowTag>Test List: <MutaFlowTag>PR 1 isAvailable: false
08-04 22:00:09.624 27570 27666 I MyOwnTag: <MutaFlowTag>a3f1f6f4-5601-42c9-b0c7-614d553f55c8<MutaFlowTag><android.util.Log: int d(java.lang.String,java.lang.String)>	int d(java.lang.String,java.lang.String)	661	255	232	java.lang.String doInBackground(java.lang.String[])	com.fungamesandapps.admediator.AdMediator$LongOperation<MutaFlowTag>Test List: <MutaFlowTag>cacheInterstitial
08-04 22:00:09.637 27570 27666 I MyOwnTag: <MutaFlowTag>a3f1f6f4-5601-42c9-b0c7-614d553f55c8<MutaFlowTag><android.util.Log: int d(java.lang.String,java.lang.String)>	int d(java.lang.String,java.lang.String)	492	52	29	java.lang.String doInBackground(java.lang.String[])	com.fungamesandapps.admediator.AdMediator$LongOperation<MutaFlowTag>Test List: <MutaFlowTag>Time: 7.834
08-04 22:00:09.977 27570 27666 I MyOwnTag: <MutaFlowTag>a3f1f6f4-5601-42c9-b0c7-614d553f55c8<MutaFlowTag><android.util.Log: int d(java.lang.String,java.lang.String)>	int d(java.lang.String,java.lang.String)	492	52	29	java.lang.String doInBackground(java.lang.String[])	com.fungamesandapps.admediator.AdMediator$LongOperation<MutaFlowTag>Test List: <MutaFlowTag>Time: 8.174
08-04 22:00:09.979 27570 27666 I MyOwnTag: <MutaFlowTag>a3f1f6f4-5601-42c9-b0c7-614d553f55c8<MutaFlowTag><android.util.Log: int d(java.lang.String,java.lang.String)>	int d(java.lang.String,java.lang.String)	559	143	120	java.lang.String doInBackground(java.lang.String[])	com.fungamesandapps.admediator.AdMediator$LongOperation<MutaFlowTag>Test List: <MutaFlowTag>elapsedSeconds: 1.501876809979E9
08-04 22:00:09.981 27570 27666 I MyOwnTag: <MutaFlowTag>a3f1f6f4-5601-42c9-b0c7-614d553f55c8<MutaFlowTag><android.util.Log: int d(java.lang.String,java.lang.String)>	int d(java.lang.String,java.lang.String)	564	162	139	java.lang.String doInBackground(java.lang.String[])	com.fungamesandapps.admediator.AdMediator$LongOperation<MutaFlowTag>Test List: <MutaFlowTag>PR 1 isAvailable: false
08-04 22:00:09.983 27570 27666 I MyOwnTag: <MutaFlowTag>a3f1f6f4-5601-42c9-b0c7-614d553f55c8<MutaFlowTag><android.util.Log: int d(java.lang.String,java.lang.String)>	int d(java.lang.String,java.lang.String)	661	255	232	java.lang.String doInBackground(java.lang.String[])	com.fungamesandapps.admediator.AdMediator$LongOperation<MutaFlowTag>Test List: <MutaFlowTag>cacheInterstitial
08-04 22:00:09.995 27570 27666 I MyOwnTag: <MutaFlowTag>a3f1f6f4-5601-42c9-b0c7-614d553f55c8<MutaFlowTag><android.util.Log: int d(java.lang.String,java.lang.String)>	int d(java.lang.String,java.lang.String)	492	52	29	java.lang.String doInBackground(java.lang.String[])	com.fungamesandapps.admediator.AdMediator$LongOperation<MutaFlowTag>Test List: <MutaFlowTag>Time: 8.192
08-04 22:00:10.055 27570 27570 I MyOwnTag: <MutaFlowTag>a3f1f6f4-5601-42c9-b0c7-614d553f55c8<MutaFlowTag><android.util.Log: int d(java.lang.String,java.lang.String)>	int d(java.lang.String,java.lang.String)	110	75	3	void onInterstitialLoaded(com.mopub.mobileads.MoPubInterstitial)	com.fungamesandapps.admediator.ACMopub<MutaFlowTag>Test List: <MutaFlowTag>Mopub onInterstitialLoaded
08-04 22:00:10.337 27570 27666 I MyOwnTag: <MutaFlowTag>a3f1f6f4-5601-42c9-b0c7-614d553f55c8<MutaFlowTag><android.util.Log: int d(java.lang.String,java.lang.String)>	int d(java.lang.String,java.lang.String)	492	52	29	java.lang.String doInBackground(java.lang.String[])	com.fungamesandapps.admediator.AdMediator$LongOperation<MutaFlowTag>Test List: <MutaFlowTag>Time: 8.534
08-04 22:00:10.340 27570 27666 I MyOwnTag: <MutaFlowTag>a3f1f6f4-5601-42c9-b0c7-614d553f55c8<MutaFlowTag><android.util.Log: int d(java.lang.String,java.lang.String)>	int d(java.lang.String,java.lang.String)	559	143	120	java.lang.String doInBackground(java.lang.String[])	com.fungamesandapps.admediator.AdMediator$LongOperation<MutaFlowTag>Test List: <MutaFlowTag>elapsedSeconds: 1.501876810339E9
08-04 22:00:10.341 27570 27666 I MyOwnTag: <MutaFlowTag>a3f1f6f4-5601-42c9-b0c7-614d553f55c8<MutaFlowTag><android.util.Log: int d(java.lang.String,java.lang.String)>	int d(java.lang.String,java.lang.String)	564	162	139	java.lang.String doInBackground(java.lang.String[])	com.fungamesandapps.admediator.AdMediator$LongOperation<MutaFlowTag>Test List: <MutaFlowTag>PR 1 isAvailable: true
08-04 22:00:10.343 27570 27666 I MyOwnTag: <MutaFlowTag>a3f1f6f4-5601-42c9-b0c7-614d553f55c8<MutaFlowTag><android.util.Log: int d(java.lang.String,java.lang.String)>	int d(java.lang.String,java.lang.String)	582	176	153	java.lang.String doInBackground(java.lang.String[])	com.fungamesandapps.admediator.AdMediator$LongOperation<MutaFlowTag>Test List: <MutaFlowTag>exitonclose showInterstitials: false
08-04 22:00:10.345 27570 27666 I MyOwnTag: <MutaFlowTag>a3f1f6f4-5601-42c9-b0c7-614d553f55c8<MutaFlowTag><android.util.Log: int d(java.lang.String,java.lang.String)>	int d(java.lang.String,java.lang.String)	640	213	190	java.lang.String doInBackground(java.lang.String[])	com.fungamesandapps.admediator.AdMediator$LongOperation<MutaFlowTag>Test List: <MutaFlowTag>Ad loaded in seconds: 8.534
08-04 22:00:10.362 27570 27740 I MyOwnTag: <MutaFlowTag>a3f1f6f4-5601-42c9-b0c7-614d553f55c8<MutaFlowTag><java.io.Writer: void write(java.lang.String)>	void write(java.lang.String)	327	151	7	shared.com.google.gson.stream.JsonWriter open(int,java.lang.String)	shared.com.google.gson.stream.JsonWriter<MutaFlowTag>{
08-04 22:00:10.364 27570 27570 I MyOwnTag: <MutaFlowTag>a3f1f6f4-5601-42c9-b0c7-614d553f55c8<MutaFlowTag><android.content.Intent: android.content.Intent putExtra(java.lang.String,java.lang.String)>	android.content.Intent putExtra(java.lang.String,java.lang.String)	85	13	7	android.content.Intent createIntent(android.content.Context,com.mopub.common.AdReport,java.lang.String,long)	com.mopub.mobileads.MraidActivity<MutaFlowTag>Html-Response-Body<MutaFlowTag><!DOCTYPE html> <html> <head>  <!-- Adgroup is 970ffacabf6340b9b0ddca3914220973 -->  <meta name="viewport" content="width=device-width, initial-scale=1.0, user-scalable=no">  <style> body { margin:0; padding:0; overflow:hidden; background:transparent; } </style> <script src="mraid.js"></script> <script type="text/javascript"> if (trackImpressionHelper == null || typeof(trackImpressionHelper) != "function") { function trackImpressionHelper() { var urls = new Array(); var i = 0;  urls[i++]="http://mopub-east3-bidder.manage.com/2/win?_ei=25185&_cost1000=2.59&-mf=1&-fi=14400&bts=1501876809&age=0&pt=app&pi=c960cbef1eeb43c8b9bd186e9f6df960&p=Ab+Workouts+%E2%80%93+Belly+Exercises&pb=App+Business+Ventures+LLC&pbi=69dab7704776449289586c19efaca5d1&bnd=com.bikiniabs&sz=21&zid=&pcat=IAB7+healthcare_and_fitness&lat=0&lon=0&city=Waterbr%C3%BCcken&country=DEU&gender=%3F&_ip=3646055936&isp=Deutsche+Telekom+AG&netspd=wifi&model=Nexus+5X&skippable=skippable&os=Android&osv=6.0.1&region=09&zip=66123&dma=%3F&si=22&_uh=gaid%3A05d6cbe1-b187-4b8b-bd74-a9800f2d7ba5&bidid=bG8hFyjStp0v5tF8E9V8Xd3v_6U&atb=10&sub4=&sub6=DEU&sub9=&host=web12-east&sdkv=&lt=22.5&form_factor=android_phone&sl=749&ss=1501876060&l=en&uhgid=92&acat=Health+%26+Fitness&pr2=2.46&dvmo=Google+Nexus+5X&tagid=&idx=1&agidx=1&ai=961515&ag=19435&ci=1563&cu=USD&_bid=0.00476&pr=0&dealid=&uimp=3&uclk=1&uins=0&useg=0&mid=175085&cm=2&pr1=3&sub7=236-c&acid=5a319b67-fd6a-448b-8391-68e1f8a7454d";  urls[i++]="http://mpx.mopub.com/imp?ad_domain=finalfantasyxvapp.com&ad_id=961515&adgroup_id=970ffacabf6340b9b0ddca3914220973&adunit_id=64c8afa2157c4f4a9d42d85828e672f9&ads_creative_id=d6b680bbb92c4b3a93ccb1f06f667ace&app_id=c960cbef1eeb43c8b9bd186e9f6df960&app_name=Ab%20Workouts%20%E2%80%93%20Belly%20Exercises&auction_time=1501876809&bid_price=4.76&bidder_id=420b7b6GK8&bidder_name=Manage_Android&campaign_id=587a783079084d539eaad4f3272491e1&charge_price=2.59&asc_price=0&ck=0D13E&ckenc=2&country=DEU&creative_id=961515&currency=USD&impression_id=5a319b67-fd6a-448b-8391-68e1f8a7454d&latency=0.066&mopub_id=ifa%3A05d6cbe1-b187-4b8b-bd74-a9800f2d7ba5&paid=0&pub_id=69dab7704776449289586c19efaca5d1&pub_name=App%20Business%20Ventures%20LLC&pub_rev0=9217558402750763203&request_id=8aee55d077e44296ba179bf4271b5ada&response_id=bG8hFyjStp0v5tF8E9V8Xd3v_6U&seat_id=manage&units=0&adgroup_type=marketplace&adgroup_priority=13";  var hiddenSpan = document.createElement('span'); hiddenSpan.style.display = 'none'; var i = 0; for (var i=0;i<urls.length;i++) { var img = document.createElement('img'); img.src = urls[i]; hiddenSpan.appendChild(img); } var body = document.getElementsByTagName('body')[0]; body.appendChild(hiddenSpan); } } </script>  <script type="text/javascript">  function webviewDidAppear() {  if (typeof trackImpressionHelper == 'function') { trackImpressionHelper(); }  }  var handleViewableChangeHasFired = false; var handleViewableChange = function() { if (handleViewableChangeHasFired) { return; } if (mraid.isViewable() === 'true' || mraid.isViewable() === true) { handleViewableChangeHasFired = true; webviewDidAppear(); } }; mraid.addEventListener(mraid.EVENTS.READY, function (e) { mraid.addEventListener('viewableChange', handleViewableChange); handleViewableChange(); });  </script> </head> <body> <script>window.overrideManageAdData = { customClose: { showCloseTimer: true }};</script><script src="mraid.js"></script>
08-04 22:00:10.364 27570 27570 I MyOwnTag: <div id="container"></div>
08-04 22:00:10.364 27570 27570 I MyOwnTag: <script>
08-04 22:00:10.364 27570 27570 I MyOwnTag: window.ts = {start: new Date()};
08-04 22:00:10.364 27570 27570 I MyOwnTag: window.MANAGE = {};
08-04 22:00:10.364 27570 27570 I MyOwnTag: MANAGE.adData = {
08-04 22:00:10.364 27570 27570 I MyOwnTag:     name: "Final Fantasy XV",
08-04 22:00:10.364 27570 27570 I MyOwnTag:     title: "(204,1021) Reviews",
08-04 22:00:10.364 27570 27570 I MyOwnTag:     description: "Baue in diesem MMORPG dein eigenes Konigreich auf, entdec
08-04 22:00:10.364 27570 27740 I MyOwnTag: <MutaFlowTag>a3f1f6f4-5601-42c9-b0c7-614d553f55c8<MutaFlowTag><java.io.Writer: void write(java.lang.String)>	void write(java.lang.String)	534	196	7	void string(java.lang.String)	shared.com.google.gson.stream.JsonWriter<MutaFlowTag>"
08-04 22:00:10.368 27570 27740 I MyOwnTag: <MutaFlowTag>a3f1f6f4-5601-42c9-b0c7-614d553f55c8<MutaFlowTag><java.io.Writer: void write(java.lang.String,int,int)>	void write(java.lang.String,int,int)	559	225	36	void string(java.lang.String)	shared.com.google.gson.stream.JsonWriter<MutaFlowTag>connectivity<MutaFlowTag>0<MutaFlowTag>12
08-04 22:00:10.368 27570 27570 I MyOwnTag: <MutaFlowTag>a3f1f6f4-5601-42c9-b0c7-614d553f55c8<MutaFlowTag><android.content.Intent: android.content.Intent putExtra(java.lang.String,long)>	android.content.Intent putExtra(java.lang.String,long)	86	14	8	android.content.Intent createIntent(android.content.Context,com.mopub.common.AdReport,java.lang.String,long)	com.mopub.mobileads.MraidActivity<MutaFlowTag>broadcastIdentifier<MutaFlowTag>1
08-04 22:00:10.369 27570 27740 I MyOwnTag: <MutaFlowTag>a3f1f6f4-5601-42c9-b0c7-614d553f55c8<MutaFlowTag><java.io.Writer: void write(java.lang.String)>	void write(java.lang.String)	561	227	38	void string(java.lang.String)	shared.com.google.gson.stream.JsonWriter<MutaFlowTag>"
08-04 22:00:10.371 27570 27740 I MyOwnTag: <MutaFlowTag>a3f1f6f4-5601-42c9-b0c7-614d553f55c8<MutaFlowTag><java.io.Writer: void write(java.lang.String)>	void write(java.lang.String)	534	196	7	void string(java.lang.String)	shared.com.google.gson.stream.JsonWriter<MutaFlowTag>"
08-04 22:00:10.373 27570 27740 I MyOwnTag: <MutaFlowTag>a3f1f6f4-5601-42c9-b0c7-614d553f55c8<MutaFlowTag><java.io.Writer: void write(java.lang.String,int,int)>	void write(java.lang.String,int,int)	559	225	36	void string(java.lang.String)	shared.com.google.gson.stream.JsonWriter<MutaFlowTag>WIFI<MutaFlowTag>0<MutaFlowTag>4
08-04 22:00:10.375 27570 27740 I MyOwnTag: <MutaFlowTag>a3f1f6f4-5601-42c9-b0c7-614d553f55c8<MutaFlowTag><java.io.Writer: void write(java.lang.String)>	void write(java.lang.String)	561	227	38	void string(java.lang.String)	shared.com.google.gson.stream.JsonWriter<MutaFlowTag>"
08-04 22:00:10.376 27570 27740 I MyOwnTag: <MutaFlowTag>a3f1f6f4-5601-42c9-b0c7-614d553f55c8<MutaFlowTag><java.io.Writer: void write(int)>	void write(int)	582	61	5	void beforeName()	shared.com.google.gson.stream.JsonWriter<MutaFlowTag>44
08-04 22:00:10.377 27570 27740 I MyOwnTag: <MutaFlowTag>a3f1f6f4-5601-42c9-b0c7-614d553f55c8<MutaFlowTag><java.io.Writer: void write(java.lang.String)>	void write(java.lang.String)	534	196	7	void string(java.lang.String)	shared.com.google.gson.stream.JsonWriter<MutaFlowTag>"
08-04 22:00:10.378 27570 27740 I MyOwnTag: <MutaFlowTag>a3f1f6f4-5601-42c9-b0c7-614d553f55c8<MutaFlowTag><java.io.Writer: void write(java.lang.String,int,int)>	void write(java.lang.String,int,int)	559	225	36	void string(java.lang.String)	shared.com.google.gson.stream.JsonWriter<MutaFlowTag>at<MutaFlowTag>0<MutaFlowTag>2
08-04 22:00:10.379 27570 27740 I MyOwnTag: <MutaFlowTag>a3f1f6f4-5601-42c9-b0c7-614d553f55c8<MutaFlowTag><java.io.Writer: void write(java.lang.String)>	void write(java.lang.String)	561	227	38	void string(java.lang.String)	shared.com.google.gson.stream.JsonWriter<MutaFlowTag>"
08-04 22:00:10.379 27570 27740 I MyOwnTag: <MutaFlowTag>a3f1f6f4-5601-42c9-b0c7-614d553f55c8<MutaFlowTag><java.io.Writer: void write(java.lang.String)>	void write(java.lang.String)	534	196	7	void string(java.lang.String)	shared.com.google.gson.stream.JsonWriter<MutaFlowTag>"
08-04 22:00:10.380 27570 27740 I MyOwnTag: <MutaFlowTag>a3f1f6f4-5601-42c9-b0c7-614d553f55c8<MutaFlowTag><java.io.Writer: void write(java.lang.String,int,int)>	void write(java.lang.String,int,int)	559	225	36	void string(java.lang.String)	shared.com.google.gson.stream.JsonWriter<MutaFlowTag>2017-08-04T20:00:10Z<MutaFlowTag>0<MutaFlowTag>20
08-04 22:00:10.381 27570 27740 I MyOwnTag: <MutaFlowTag>a3f1f6f4-5601-42c9-b0c7-614d553f55c8<MutaFlowTag><java.io.Writer: void write(java.lang.String)>	void write(java.lang.String)	561	227	38	void string(java.lang.String)	shared.com.google.gson.stream.JsonWriter<MutaFlowTag>"
08-04 22:00:10.381 27570 27740 I MyOwnTag: <MutaFlowTag>a3f1f6f4-5601-42c9-b0c7-614d553f55c8<MutaFlowTag><java.io.Writer: void write(int)>	void write(int)	582	61	5	void beforeName()	shared.com.google.gson.stream.JsonWriter<MutaFlowTag>44
