08-05 00:18:36.572 19585 19585 I MyOwnTag: <MutaFlowTag>fedea35e-b161-4144-87ef-800018128b6f<MutaFlowTag><android.content.IntentFilter: void addAction(java.lang.String)>	void addAction(java.lang.String)	43	30	11	android.content.IntentFilter getHtmlInterstitialIntentFilter()	com.mopub.mobileads.EventForwardingBroadcastReceiver<MutaFlowTag>com.mopub.action.interstitial.dismiss
08-05 00:18:36.573 19585 19585 I MyOwnTag: <MutaFlowTag>fedea35e-b161-4144-87ef-800018128b6f<MutaFlowTag><android.content.IntentFilter: void addAction(java.lang.String)>	void addAction(java.lang.String)	44	32	13	android.content.IntentFilter getHtmlInterstitialIntentFilter()	com.mopub.mobileads.EventForwardingBroadcastReceiver<MutaFlowTag>com.mopub.action.interstitial.click
08-05 00:18:36.849 19585 19682 I MyOwnTag: <MutaFlowTag>fedea35e-b161-4144-87ef-800018128b6f<MutaFlowTag><android.util.Log: int d(java.lang.String,java.lang.String)>	int d(java.lang.String,java.lang.String)	492	52	29	java.lang.String doInBackground(java.lang.String[])	com.fungamesandapps.admediator.AdMediator$LongOperation<MutaFlowTag>Test List: <MutaFlowTag>Time: 2.184
08-05 00:18:36.850 19585 19682 I MyOwnTag: <MutaFlowTag>fedea35e-b161-4144-87ef-800018128b6f<MutaFlowTag><android.util.Log: int d(java.lang.String,java.lang.String)>	int d(java.lang.String,java.lang.String)	559	143	120	java.lang.String doInBackground(java.lang.String[])	com.fungamesandapps.admediator.AdMediator$LongOperation<MutaFlowTag>Test List: <MutaFlowTag>elapsedSeconds: 1.50188511685E9
08-05 00:18:36.852 19585 19682 I MyOwnTag: <MutaFlowTag>fedea35e-b161-4144-87ef-800018128b6f<MutaFlowTag><android.util.Log: int d(java.lang.String,java.lang.String)>	int d(java.lang.String,java.lang.String)	564	162	139	java.lang.String doInBackground(java.lang.String[])	com.fungamesandapps.admediator.AdMediator$LongOperation<MutaFlowTag>Test List: <MutaFlowTag>PR 1 isAvailable: false
08-05 00:18:36.853 19585 19682 I MyOwnTag: <MutaFlowTag>fedea35e-b161-4144-87ef-800018128b6f<MutaFlowTag><android.util.Log: int d(java.lang.String,java.lang.String)>	int d(java.lang.String,java.lang.String)	661	255	232	java.lang.String doInBackground(java.lang.String[])	com.fungamesandapps.admediator.AdMediator$LongOperation<MutaFlowTag>Test List: <MutaFlowTag>cacheInterstitial
08-05 00:18:36.862 19585 19682 I MyOwnTag: <MutaFlowTag>fedea35e-b161-4144-87ef-800018128b6f<MutaFlowTag><android.util.Log: int d(java.lang.String,java.lang.String)>	int d(java.lang.String,java.lang.String)	492	52	29	java.lang.String doInBackground(java.lang.String[])	com.fungamesandapps.admediator.AdMediator$LongOperation<MutaFlowTag>Test List: <MutaFlowTag>Time: 2.197
08-05 00:18:36.889 19585 19623 I MyOwnTag: <MutaFlowTag>fedea35e-b161-4144-87ef-800018128b6f<MutaFlowTag><java.net.URL: void <init>(java.lang.String)>	void <init>(java.lang.String)	101	134	25	org.apache.http.HttpResponse performRequest(com.mopub.volley.Request,java.util.Map)	com.mopub.volley.toolbox.HurlStack<MutaFlowTag>http://ads.mopub.com/m/ad?v=6&id=64c8afa2157c4f4a9d42d85828e672f9&nv=3.7.0&dn=LGE%2CNexus%205X%2Cbullhead&bundle=com.bikiniabs&z=%2B0200&o=p&w=1080&h=1920&sc_a=2.625&ct=2&av=5.1.5&udid=ifa%3A05d6cbe1-b187-4b8b-bd74-a9800f2d7ba5&dnt=0&mr=1&android_perms_ext_storage=1
08-05 00:18:37.202 19585 19682 I MyOwnTag: <MutaFlowTag>fedea35e-b161-4144-87ef-800018128b6f<MutaFlowTag><android.util.Log: int d(java.lang.String,java.lang.String)>	int d(java.lang.String,java.lang.String)	492	52	29	java.lang.String doInBackground(java.lang.String[])	com.fungamesandapps.admediator.AdMediator$LongOperation<MutaFlowTag>Test List: <MutaFlowTag>Time: 2.537
08-05 00:18:37.203 19585 19682 I MyOwnTag: <MutaFlowTag>fedea35e-b161-4144-87ef-800018128b6f<MutaFlowTag><android.util.Log: int d(java.lang.String,java.lang.String)>	int d(java.lang.String,java.lang.String)	559	143	120	java.lang.String doInBackground(java.lang.String[])	com.fungamesandapps.admediator.AdMediator$LongOperation<MutaFlowTag>Test List: <MutaFlowTag>elapsedSeconds: 1.501885117203E9
08-05 00:18:37.204 19585 19682 I MyOwnTag: <MutaFlowTag>fedea35e-b161-4144-87ef-800018128b6f<MutaFlowTag><android.util.Log: int d(java.lang.String,java.lang.String)>	int d(java.lang.String,java.lang.String)	564	162	139	java.lang.String doInBackground(java.lang.String[])	com.fungamesandapps.admediator.AdMediator$LongOperation<MutaFlowTag>Test List: <MutaFlowTag>PR 1 isAvailable: false
08-05 00:18:37.206 19585 19682 I MyOwnTag: <MutaFlowTag>fedea35e-b161-4144-87ef-800018128b6f<MutaFlowTag><android.util.Log: int d(java.lang.String,java.lang.String)>	int d(java.lang.String,java.lang.String)	661	255	232	java.lang.String doInBackground(java.lang.String[])	com.fungamesandapps.admediator.AdMediator$LongOperation<MutaFlowTag>Test List: <MutaFlowTag>cacheInterstitial
08-05 00:18:37.217 19585 19682 I MyOwnTag: <MutaFlowTag>fedea35e-b161-4144-87ef-800018128b6f<MutaFlowTag><android.util.Log: int d(java.lang.String,java.lang.String)>	int d(java.lang.String,java.lang.String)	492	52	29	java.lang.String doInBackground(java.lang.String[])	com.fungamesandapps.admediator.AdMediator$LongOperation<MutaFlowTag>Test List: <MutaFlowTag>Time: 2.552
08-05 00:18:37.559 19585 19682 I MyOwnTag: <MutaFlowTag>fedea35e-b161-4144-87ef-800018128b6f<MutaFlowTag><android.util.Log: int d(java.lang.String,java.lang.String)>	int d(java.lang.String,java.lang.String)	492	52	29	java.lang.String doInBackground(java.lang.String[])	com.fungamesandapps.admediator.AdMediator$LongOperation<MutaFlowTag>Test List: <MutaFlowTag>Time: 2.894
08-05 00:18:37.569 19585 19682 I MyOwnTag: <MutaFlowTag>fedea35e-b161-4144-87ef-800018128b6f<MutaFlowTag><android.util.Log: int d(java.lang.String,java.lang.String)>	int d(java.lang.String,java.lang.String)	559	143	120	java.lang.String doInBackground(java.lang.String[])	com.fungamesandapps.admediator.AdMediator$LongOperation<MutaFlowTag>Test List: <MutaFlowTag>elapsedSeconds: 1.501885117569E9
08-05 00:18:37.571 19585 19682 I MyOwnTag: <MutaFlowTag>fedea35e-b161-4144-87ef-800018128b6f<MutaFlowTag><android.util.Log: int d(java.lang.String,java.lang.String)>	int d(java.lang.String,java.lang.String)	564	162	139	java.lang.String doInBackground(java.lang.String[])	com.fungamesandapps.admediator.AdMediator$LongOperation<MutaFlowTag>Test List: <MutaFlowTag>PR 1 isAvailable: false
08-05 00:18:37.576 19585 19682 I MyOwnTag: <MutaFlowTag>fedea35e-b161-4144-87ef-800018128b6f<MutaFlowTag><android.util.Log: int d(java.lang.String,java.lang.String)>	int d(java.lang.String,java.lang.String)	661	255	232	java.lang.String doInBackground(java.lang.String[])	com.fungamesandapps.admediator.AdMediator$LongOperation<MutaFlowTag>Test List: <MutaFlowTag>cacheInterstitial
08-05 00:18:37.585 19585 19682 I MyOwnTag: <MutaFlowTag>fedea35e-b161-4144-87ef-800018128b6f<MutaFlowTag><android.util.Log: int d(java.lang.String,java.lang.String)>	int d(java.lang.String,java.lang.String)	492	52	29	java.lang.String doInBackground(java.lang.String[])	com.fungamesandapps.admediator.AdMediator$LongOperation<MutaFlowTag>Test List: <MutaFlowTag>Time: 2.919
08-05 00:18:37.900 19585 19682 I MyOwnTag: <MutaFlowTag>fedea35e-b161-4144-87ef-800018128b6f<MutaFlowTag><android.util.Log: int d(java.lang.String,java.lang.String)>	int d(java.lang.String,java.lang.String)	492	52	29	java.lang.String doInBackground(java.lang.String[])	com.fungamesandapps.admediator.AdMediator$LongOperation<MutaFlowTag>Test List: <MutaFlowTag>Time: 3.235
08-05 00:18:37.901 19585 19682 I MyOwnTag: <MutaFlowTag>fedea35e-b161-4144-87ef-800018128b6f<MutaFlowTag><android.util.Log: int d(java.lang.String,java.lang.String)>	int d(java.lang.String,java.lang.String)	559	143	120	java.lang.String doInBackground(java.lang.String[])	com.fungamesandapps.admediator.AdMediator$LongOperation<MutaFlowTag>Test List: <MutaFlowTag>elapsedSeconds: 1.501885117901E9
08-05 00:18:37.903 19585 19682 I MyOwnTag: <MutaFlowTag>fedea35e-b161-4144-87ef-800018128b6f<MutaFlowTag><android.util.Log: int d(java.lang.String,java.lang.String)>	int d(java.lang.String,java.lang.String)	564	162	139	java.lang.String doInBackground(java.lang.String[])	com.fungamesandapps.admediator.AdMediator$LongOperation<MutaFlowTag>Test List: <MutaFlowTag>PR 1 isAvailable: false
08-05 00:18:37.904 19585 19682 I MyOwnTag: <MutaFlowTag>fedea35e-b161-4144-87ef-800018128b6f<MutaFlowTag><android.util.Log: int d(java.lang.String,java.lang.String)>	int d(java.lang.String,java.lang.String)	661	255	232	java.lang.String doInBackground(java.lang.String[])	com.fungamesandapps.admediator.AdMediator$LongOperation<MutaFlowTag>Test List: <MutaFlowTag>cacheInterstitial
08-05 00:18:37.911 19585 19682 I MyOwnTag: <MutaFlowTag>fedea35e-b161-4144-87ef-800018128b6f<MutaFlowTag><android.util.Log: int d(java.lang.String,java.lang.String)>	int d(java.lang.String,java.lang.String)	492	52	29	java.lang.String doInBackground(java.lang.String[])	com.fungamesandapps.admediator.AdMediator$LongOperation<MutaFlowTag>Test List: <MutaFlowTag>Time: 3.246
08-05 00:18:38.187 19585 19585 I MyOwnTag: <MutaFlowTag>fedea35e-b161-4144-87ef-800018128b6f<MutaFlowTag><android.util.Log: int d(java.lang.String,java.lang.String)>	int d(java.lang.String,java.lang.String)	50	74	14	void onAdLoaded()	com.fungamesandapps.admediator.ACAdmob$1$1<MutaFlowTag>Test List: <MutaFlowTag>Admob ad loaded in seconds: 3.677
08-05 00:18:38.253 19585 19682 I MyOwnTag: <MutaFlowTag>fedea35e-b161-4144-87ef-800018128b6f<MutaFlowTag><android.util.Log: int d(java.lang.String,java.lang.String)>	int d(java.lang.String,java.lang.String)	492	52	29	java.lang.String doInBackground(java.lang.String[])	com.fungamesandapps.admediator.AdMediator$LongOperation<MutaFlowTag>Test List: <MutaFlowTag>Time: 3.588
08-05 00:18:38.254 19585 19682 I MyOwnTag: <MutaFlowTag>fedea35e-b161-4144-87ef-800018128b6f<MutaFlowTag><android.util.Log: int d(java.lang.String,java.lang.String)>	int d(java.lang.String,java.lang.String)	559	143	120	java.lang.String doInBackground(java.lang.String[])	com.fungamesandapps.admediator.AdMediator$LongOperation<MutaFlowTag>Test List: <MutaFlowTag>elapsedSeconds: 1.501885118254E9
08-05 00:18:38.255 19585 19682 I MyOwnTag: <MutaFlowTag>fedea35e-b161-4144-87ef-800018128b6f<MutaFlowTag><android.util.Log: int d(java.lang.String,java.lang.String)>	int d(java.lang.String,java.lang.String)	564	162	139	java.lang.String doInBackground(java.lang.String[])	com.fungamesandapps.admediator.AdMediator$LongOperation<MutaFlowTag>Test List: <MutaFlowTag>PR 1 isAvailable: false
08-05 00:18:38.257 19585 19682 I MyOwnTag: <MutaFlowTag>fedea35e-b161-4144-87ef-800018128b6f<MutaFlowTag><android.util.Log: int d(java.lang.String,java.lang.String)>	int d(java.lang.String,java.lang.String)	661	255	232	java.lang.String doInBackground(java.lang.String[])	com.fungamesandapps.admediator.AdMediator$LongOperation<MutaFlowTag>Test List: <MutaFlowTag>cacheInterstitial
08-05 00:18:38.266 19585 19682 I MyOwnTag: <MutaFlowTag>fedea35e-b161-4144-87ef-800018128b6f<MutaFlowTag><android.util.Log: int d(java.lang.String,java.lang.String)>	int d(java.lang.String,java.lang.String)	492	52	29	java.lang.String doInBackground(java.lang.String[])	com.fungamesandapps.admediator.AdMediator$LongOperation<MutaFlowTag>Test List: <MutaFlowTag>Time: 3.601
08-05 00:18:38.606 19585 19682 I MyOwnTag: <MutaFlowTag>fedea35e-b161-4144-87ef-800018128b6f<MutaFlowTag><android.util.Log: int d(java.lang.String,java.lang.String)>	int d(java.lang.String,java.lang.String)	492	52	29	java.lang.String doInBackground(java.lang.String[])	com.fungamesandapps.admediator.AdMediator$LongOperation<MutaFlowTag>Test List: <MutaFlowTag>Time: 3.941
08-05 00:18:38.609 19585 19682 I MyOwnTag: <MutaFlowTag>fedea35e-b161-4144-87ef-800018128b6f<MutaFlowTag><android.util.Log: int d(java.lang.String,java.lang.String)>	int d(java.lang.String,java.lang.String)	559	143	120	java.lang.String doInBackground(java.lang.String[])	com.fungamesandapps.admediator.AdMediator$LongOperation<MutaFlowTag>Test List: <MutaFlowTag>elapsedSeconds: 1.501885118609E9
08-05 00:18:38.610 19585 19682 I MyOwnTag: <MutaFlowTag>fedea35e-b161-4144-87ef-800018128b6f<MutaFlowTag><android.util.Log: int d(java.lang.String,java.lang.String)>	int d(java.lang.String,java.lang.String)	564	162	139	java.lang.String doInBackground(java.lang.String[])	com.fungamesandapps.admediator.AdMediator$LongOperation<MutaFlowTag>Test List: <MutaFlowTag>PR 1 isAvailable: false
08-05 00:18:38.612 19585 19682 I MyOwnTag: <MutaFlowTag>fedea35e-b161-4144-87ef-800018128b6f<MutaFlowTag><android.util.Log: int d(java.lang.String,java.lang.String)>	int d(java.lang.String,java.lang.String)	661	255	232	java.lang.String doInBackground(java.lang.String[])	com.fungamesandapps.admediator.AdMediator$LongOperation<MutaFlowTag>Test List: <MutaFlowTag>cacheInterstitial
08-05 00:18:38.624 19585 19682 I MyOwnTag: <MutaFlowTag>fedea35e-b161-4144-87ef-800018128b6f<MutaFlowTag><android.util.Log: int d(java.lang.String,java.lang.String)>	int d(java.lang.String,java.lang.String)	492	52	29	java.lang.String doInBackground(java.lang.String[])	com.fungamesandapps.admediator.AdMediator$LongOperation<MutaFlowTag>Test List: <MutaFlowTag>Time: 3.959
08-05 00:18:38.966 19585 19682 I MyOwnTag: <MutaFlowTag>fedea35e-b161-4144-87ef-800018128b6f<MutaFlowTag><android.util.Log: int d(java.lang.String,java.lang.String)>	int d(java.lang.String,java.lang.String)	492	52	29	java.lang.String doInBackground(java.lang.String[])	com.fungamesandapps.admediator.AdMediator$LongOperation<MutaFlowTag>Test List: <MutaFlowTag>Time: 4.301
08-05 00:18:38.967 19585 19682 I MyOwnTag: <MutaFlowTag>fedea35e-b161-4144-87ef-800018128b6f<MutaFlowTag><android.util.Log: int d(java.lang.String,java.lang.String)>	int d(java.lang.String,java.lang.String)	559	143	120	java.lang.String doInBackground(java.lang.String[])	com.fungamesandapps.admediator.AdMediator$LongOperation<MutaFlowTag>Test List: <MutaFlowTag>elapsedSeconds: 1.501885118967E9
08-05 00:18:38.968 19585 19682 I MyOwnTag: <MutaFlowTag>fedea35e-b161-4144-87ef-800018128b6f<MutaFlowTag><android.util.Log: int d(java.lang.String,java.lang.String)>	int d(java.lang.String,java.lang.String)	564	162	139	java.lang.String doInBackground(java.lang.String[])	com.fungamesandapps.admediator.AdMediator$LongOperation<MutaFlowTag>Test List: <MutaFlowTag>PR 1 isAvailable: false
08-05 00:18:38.969 19585 19682 I MyOwnTag: <MutaFlowTag>fedea35e-b161-4144-87ef-800018128b6f<MutaFlowTag><android.util.Log: int d(java.lang.String,java.lang.String)>	int d(java.lang.String,java.lang.String)	661	255	232	java.lang.String doInBackground(java.lang.String[])	com.fungamesandapps.admediator.AdMediator$LongOperation<MutaFlowTag>Test List: <MutaFlowTag>cacheInterstitial
08-05 00:18:38.977 19585 19682 I MyOwnTag: <MutaFlowTag>fedea35e-b161-4144-87ef-800018128b6f<MutaFlowTag><android.util.Log: int d(java.lang.String,java.lang.String)>	int d(java.lang.String,java.lang.String)	492	52	29	java.lang.String doInBackground(java.lang.String[])	com.fungamesandapps.admediator.AdMediator$LongOperation<MutaFlowTag>Test List: <MutaFlowTag>Time: 4.312
08-05 00:18:38.998 19585 19624 I MyOwnTag: <MutaFlowTag>fedea35e-b161-4144-87ef-800018128b6f<MutaFlowTag><java.net.URL: void <init>(java.lang.String)>	void <init>(java.lang.String)	101	134	25	org.apache.http.HttpResponse performRequest(com.mopub.volley.Request,java.util.Map)	com.mopub.volley.toolbox.HurlStack<MutaFlowTag>http://ads.mopub.com/m/ad?v=6&id=64c8afa2157c4f4a9d42d85828e672f9&nv=3.7.0&dn=LGE%2CNexus%205X%2Cbullhead&bundle=com.bikiniabs&z=%2B0200&o=p&w=1080&h=1920&sc_a=2.625&ct=2&av=5.1.5&udid=ifa%3A05d6cbe1-b187-4b8b-bd74-a9800f2d7ba5&dnt=0&mr=1&android_perms_ext_storage=1
08-05 00:18:39.323 19585 19682 I MyOwnTag: <MutaFlowTag>fedea35e-b161-4144-87ef-800018128b6f<MutaFlowTag><android.util.Log: int d(java.lang.String,java.lang.String)>	int d(java.lang.String,java.lang.String)	492	52	29	java.lang.String doInBackground(java.lang.String[])	com.fungamesandapps.admediator.AdMediator$LongOperation<MutaFlowTag>Test List: <MutaFlowTag>Time: 4.657
08-05 00:18:39.325 19585 19682 I MyOwnTag: <MutaFlowTag>fedea35e-b161-4144-87ef-800018128b6f<MutaFlowTag><android.util.Log: int d(java.lang.String,java.lang.String)>	int d(java.lang.String,java.lang.String)	559	143	120	java.lang.String doInBackground(java.lang.String[])	com.fungamesandapps.admediator.AdMediator$LongOperation<MutaFlowTag>Test List: <MutaFlowTag>elapsedSeconds: 1.501885119324E9
08-05 00:18:39.326 19585 19682 I MyOwnTag: <MutaFlowTag>fedea35e-b161-4144-87ef-800018128b6f<MutaFlowTag><android.util.Log: int d(java.lang.String,java.lang.String)>	int d(java.lang.String,java.lang.String)	564	162	139	java.lang.String doInBackground(java.lang.String[])	com.fungamesandapps.admediator.AdMediator$LongOperation<MutaFlowTag>Test List: <MutaFlowTag>PR 1 isAvailable: false
08-05 00:18:39.328 19585 19682 I MyOwnTag: <MutaFlowTag>fedea35e-b161-4144-87ef-800018128b6f<MutaFlowTag><android.util.Log: int d(java.lang.String,java.lang.String)>	int d(java.lang.String,java.lang.String)	661	255	232	java.lang.String doInBackground(java.lang.String[])	com.fungamesandapps.admediator.AdMediator$LongOperation<MutaFlowTag>Test List: <MutaFlowTag>cacheInterstitial
08-05 00:18:39.341 19585 19682 I MyOwnTag: <MutaFlowTag>fedea35e-b161-4144-87ef-800018128b6f<MutaFlowTag><android.util.Log: int d(java.lang.String,java.lang.String)>	int d(java.lang.String,java.lang.String)	492	52	29	java.lang.String doInBackground(java.lang.String[])	com.fungamesandapps.admediator.AdMediator$LongOperation<MutaFlowTag>Test List: <MutaFlowTag>Time: 4.675
08-05 00:18:39.683 19585 19682 I MyOwnTag: <MutaFlowTag>fedea35e-b161-4144-87ef-800018128b6f<MutaFlowTag><android.util.Log: int d(java.lang.String,java.lang.String)>	int d(java.lang.String,java.lang.String)	492	52	29	java.lang.String doInBackground(java.lang.String[])	com.fungamesandapps.admediator.AdMediator$LongOperation<MutaFlowTag>Test List: <MutaFlowTag>Time: 5.018
08-05 00:18:39.685 19585 19682 I MyOwnTag: <MutaFlowTag>fedea35e-b161-4144-87ef-800018128b6f<MutaFlowTag><android.util.Log: int d(java.lang.String,java.lang.String)>	int d(java.lang.String,java.lang.String)	559	143	120	java.lang.String doInBackground(java.lang.String[])	com.fungamesandapps.admediator.AdMediator$LongOperation<MutaFlowTag>Test List: <MutaFlowTag>elapsedSeconds: 1.501885119685E9
08-05 00:18:39.687 19585 19682 I MyOwnTag: <MutaFlowTag>fedea35e-b161-4144-87ef-800018128b6f<MutaFlowTag><android.util.Log: int d(java.lang.String,java.lang.String)>	int d(java.lang.String,java.lang.String)	564	162	139	java.lang.String doInBackground(java.lang.String[])	com.fungamesandapps.admediator.AdMediator$LongOperation<MutaFlowTag>Test List: <MutaFlowTag>PR 1 isAvailable: false
08-05 00:18:39.691 19585 19682 I MyOwnTag: <MutaFlowTag>fedea35e-b161-4144-87ef-800018128b6f<MutaFlowTag><android.util.Log: int d(java.lang.String,java.lang.String)>	int d(java.lang.String,java.lang.String)	661	255	232	java.lang.String doInBackground(java.lang.String[])	com.fungamesandapps.admediator.AdMediator$LongOperation<MutaFlowTag>Test List: <MutaFlowTag>cacheInterstitial
08-05 00:18:39.700 19585 19682 I MyOwnTag: <MutaFlowTag>fedea35e-b161-4144-87ef-800018128b6f<MutaFlowTag><android.util.Log: int d(java.lang.String,java.lang.String)>	int d(java.lang.String,java.lang.String)	492	52	29	java.lang.String doInBackground(java.lang.String[])	com.fungamesandapps.admediator.AdMediator$LongOperation<MutaFlowTag>Test List: <MutaFlowTag>Time: 5.035
08-05 00:18:40.043 19585 19682 I MyOwnTag: <MutaFlowTag>fedea35e-b161-4144-87ef-800018128b6f<MutaFlowTag><android.util.Log: int d(java.lang.String,java.lang.String)>	int d(java.lang.String,java.lang.String)	492	52	29	java.lang.String doInBackground(java.lang.String[])	com.fungamesandapps.admediator.AdMediator$LongOperation<MutaFlowTag>Test List: <MutaFlowTag>Time: 5.378
08-05 00:18:40.044 19585 19682 I MyOwnTag: <MutaFlowTag>fedea35e-b161-4144-87ef-800018128b6f<MutaFlowTag><android.util.Log: int d(java.lang.String,java.lang.String)>	int d(java.lang.String,java.lang.String)	559	143	120	java.lang.String doInBackground(java.lang.String[])	com.fungamesandapps.admediator.AdMediator$LongOperation<MutaFlowTag>Test List: <MutaFlowTag>elapsedSeconds: 1.501885120044E9
08-05 00:18:40.046 19585 19682 I MyOwnTag: <MutaFlowTag>fedea35e-b161-4144-87ef-800018128b6f<MutaFlowTag><android.util.Log: int d(java.lang.String,java.lang.String)>	int d(java.lang.String,java.lang.String)	564	162	139	java.lang.String doInBackground(java.lang.String[])	com.fungamesandapps.admediator.AdMediator$LongOperation<MutaFlowTag>Test List: <MutaFlowTag>PR 1 isAvailable: false
08-05 00:18:40.047 19585 19682 I MyOwnTag: <MutaFlowTag>fedea35e-b161-4144-87ef-800018128b6f<MutaFlowTag><android.util.Log: int d(java.lang.String,java.lang.String)>	int d(java.lang.String,java.lang.String)	661	255	232	java.lang.String doInBackground(java.lang.String[])	com.fungamesandapps.admediator.AdMediator$LongOperation<MutaFlowTag>Test List: <MutaFlowTag>cacheInterstitial
08-05 00:18:40.060 19585 19682 I MyOwnTag: <MutaFlowTag>fedea35e-b161-4144-87ef-800018128b6f<MutaFlowTag><android.util.Log: int d(java.lang.String,java.lang.String)>	int d(java.lang.String,java.lang.String)	492	52	29	java.lang.String doInBackground(java.lang.String[])	com.fungamesandapps.admediator.AdMediator$LongOperation<MutaFlowTag>Test List: <MutaFlowTag>Time: 5.395
08-05 00:18:40.399 19585 19682 I MyOwnTag: <MutaFlowTag>fedea35e-b161-4144-87ef-800018128b6f<MutaFlowTag><android.util.Log: int d(java.lang.String,java.lang.String)>	int d(java.lang.String,java.lang.String)	492	52	29	java.lang.String doInBackground(java.lang.String[])	com.fungamesandapps.admediator.AdMediator$LongOperation<MutaFlowTag>Test List: <MutaFlowTag>Time: 5.734
08-05 00:18:40.401 19585 19682 I MyOwnTag: <MutaFlowTag>fedea35e-b161-4144-87ef-800018128b6f<MutaFlowTag><android.util.Log: int d(java.lang.String,java.lang.String)>	int d(java.lang.String,java.lang.String)	559	143	120	java.lang.String doInBackground(java.lang.String[])	com.fungamesandapps.admediator.AdMediator$LongOperation<MutaFlowTag>Test List: <MutaFlowTag>elapsedSeconds: 1.501885120401E9
08-05 00:18:40.403 19585 19682 I MyOwnTag: <MutaFlowTag>fedea35e-b161-4144-87ef-800018128b6f<MutaFlowTag><android.util.Log: int d(java.lang.String,java.lang.String)>	int d(java.lang.String,java.lang.String)	564	162	139	java.lang.String doInBackground(java.lang.String[])	com.fungamesandapps.admediator.AdMediator$LongOperation<MutaFlowTag>Test List: <MutaFlowTag>PR 1 isAvailable: false
08-05 00:18:40.405 19585 19682 I MyOwnTag: <MutaFlowTag>fedea35e-b161-4144-87ef-800018128b6f<MutaFlowTag><android.util.Log: int d(java.lang.String,java.lang.String)>	int d(java.lang.String,java.lang.String)	661	255	232	java.lang.String doInBackground(java.lang.String[])	com.fungamesandapps.admediator.AdMediator$LongOperation<MutaFlowTag>Test List: <MutaFlowTag>cacheInterstitial
08-05 00:18:40.418 19585 19682 I MyOwnTag: <MutaFlowTag>fedea35e-b161-4144-87ef-800018128b6f<MutaFlowTag><android.util.Log: int d(java.lang.String,java.lang.String)>	int d(java.lang.String,java.lang.String)	492	52	29	java.lang.String doInBackground(java.lang.String[])	com.fungamesandapps.admediator.AdMediator$LongOperation<MutaFlowTag>Test List: <MutaFlowTag>Time: 5.753
08-05 00:18:40.759 19585 19682 I MyOwnTag: <MutaFlowTag>fedea35e-b161-4144-87ef-800018128b6f<MutaFlowTag><android.util.Log: int d(java.lang.String,java.lang.String)>	int d(java.lang.String,java.lang.String)	492	52	29	java.lang.String doInBackground(java.lang.String[])	com.fungamesandapps.admediator.AdMediator$LongOperation<MutaFlowTag>Test List: <MutaFlowTag>Time: 6.094
08-05 00:18:40.760 19585 19682 I MyOwnTag: <MutaFlowTag>fedea35e-b161-4144-87ef-800018128b6f<MutaFlowTag><android.util.Log: int d(java.lang.String,java.lang.String)>	int d(java.lang.String,java.lang.String)	559	143	120	java.lang.String doInBackground(java.lang.String[])	com.fungamesandapps.admediator.AdMediator$LongOperation<MutaFlowTag>Test List: <MutaFlowTag>elapsedSeconds: 1.50188512076E9
08-05 00:18:40.761 19585 19682 I MyOwnTag: <MutaFlowTag>fedea35e-b161-4144-87ef-800018128b6f<MutaFlowTag><android.util.Log: int d(java.lang.String,java.lang.String)>	int d(java.lang.String,java.lang.String)	564	162	139	java.lang.String doInBackground(java.lang.String[])	com.fungamesandapps.admediator.AdMediator$LongOperation<MutaFlowTag>Test List: <MutaFlowTag>PR 1 isAvailable: false
08-05 00:18:40.764 19585 19682 I MyOwnTag: <MutaFlowTag>fedea35e-b161-4144-87ef-800018128b6f<MutaFlowTag><android.util.Log: int d(java.lang.String,java.lang.String)>	int d(java.lang.String,java.lang.String)	661	255	232	java.lang.String doInBackground(java.lang.String[])	com.fungamesandapps.admediator.AdMediator$LongOperation<MutaFlowTag>Test List: <MutaFlowTag>cacheInterstitial
08-05 00:18:40.771 19585 19682 I MyOwnTag: <MutaFlowTag>fedea35e-b161-4144-87ef-800018128b6f<MutaFlowTag><android.util.Log: int d(java.lang.String,java.lang.String)>	int d(java.lang.String,java.lang.String)	492	52	29	java.lang.String doInBackground(java.lang.String[])	com.fungamesandapps.admediator.AdMediator$LongOperation<MutaFlowTag>Test List: <MutaFlowTag>Time: 6.106
08-05 00:18:41.109 19585 19682 I MyOwnTag: <MutaFlowTag>fedea35e-b161-4144-87ef-800018128b6f<MutaFlowTag><android.util.Log: int d(java.lang.String,java.lang.String)>	int d(java.lang.String,java.lang.String)	492	52	29	java.lang.String doInBackground(java.lang.String[])	com.fungamesandapps.admediator.AdMediator$LongOperation<MutaFlowTag>Test List: <MutaFlowTag>Time: 6.444
08-05 00:18:41.110 19585 19682 I MyOwnTag: <MutaFlowTag>fedea35e-b161-4144-87ef-800018128b6f<MutaFlowTag><android.util.Log: int d(java.lang.String,java.lang.String)>	int d(java.lang.String,java.lang.String)	559	143	120	java.lang.String doInBackground(java.lang.String[])	com.fungamesandapps.admediator.AdMediator$LongOperation<MutaFlowTag>Test List: <MutaFlowTag>elapsedSeconds: 1.50188512111E9
08-05 00:18:41.111 19585 19682 I MyOwnTag: <MutaFlowTag>fedea35e-b161-4144-87ef-800018128b6f<MutaFlowTag><android.util.Log: int d(java.lang.String,java.lang.String)>	int d(java.lang.String,java.lang.String)	564	162	139	java.lang.String doInBackground(java.lang.String[])	com.fungamesandapps.admediator.AdMediator$LongOperation<MutaFlowTag>Test List: <MutaFlowTag>PR 1 isAvailable: false
08-05 00:18:41.113 19585 19682 I MyOwnTag: <MutaFlowTag>fedea35e-b161-4144-87ef-800018128b6f<MutaFlowTag><android.util.Log: int d(java.lang.String,java.lang.String)>	int d(java.lang.String,java.lang.String)	661	255	232	java.lang.String doInBackground(java.lang.String[])	com.fungamesandapps.admediator.AdMediator$LongOperation<MutaFlowTag>Test List: <MutaFlowTag>cacheInterstitial
08-05 00:18:41.119 19585 19682 I MyOwnTag: <MutaFlowTag>fedea35e-b161-4144-87ef-800018128b6f<MutaFlowTag><android.util.Log: int d(java.lang.String,java.lang.String)>	int d(java.lang.String,java.lang.String)	492	52	29	java.lang.String doInBackground(java.lang.String[])	com.fungamesandapps.admediator.AdMediator$LongOperation<MutaFlowTag>Test List: <MutaFlowTag>Time: 6.454
08-05 00:18:41.459 19585 19682 I MyOwnTag: <MutaFlowTag>fedea35e-b161-4144-87ef-800018128b6f<MutaFlowTag><android.util.Log: int d(java.lang.String,java.lang.String)>	int d(java.lang.String,java.lang.String)	492	52	29	java.lang.String doInBackground(java.lang.String[])	com.fungamesandapps.admediator.AdMediator$LongOperation<MutaFlowTag>Test List: <MutaFlowTag>Time: 6.794
08-05 00:18:41.460 19585 19682 I MyOwnTag: <MutaFlowTag>fedea35e-b161-4144-87ef-800018128b6f<MutaFlowTag><android.util.Log: int d(java.lang.String,java.lang.String)>	int d(java.lang.String,java.lang.String)	559	143	120	java.lang.String doInBackground(java.lang.String[])	com.fungamesandapps.admediator.AdMediator$LongOperation<MutaFlowTag>Test List: <MutaFlowTag>elapsedSeconds: 1.50188512146E9
08-05 00:18:41.462 19585 19682 I MyOwnTag: <MutaFlowTag>fedea35e-b161-4144-87ef-800018128b6f<MutaFlowTag><android.util.Log: int d(java.lang.String,java.lang.String)>	int d(java.lang.String,java.lang.String)	564	162	139	java.lang.String doInBackground(java.lang.String[])	com.fungamesandapps.admediator.AdMediator$LongOperation<MutaFlowTag>Test List: <MutaFlowTag>PR 1 isAvailable: false
08-05 00:18:41.463 19585 19682 I MyOwnTag: <MutaFlowTag>fedea35e-b161-4144-87ef-800018128b6f<MutaFlowTag><android.util.Log: int d(java.lang.String,java.lang.String)>	int d(java.lang.String,java.lang.String)	661	255	232	java.lang.String doInBackground(java.lang.String[])	com.fungamesandapps.admediator.AdMediator$LongOperation<MutaFlowTag>Test List: <MutaFlowTag>cacheInterstitial
08-05 00:18:41.475 19585 19682 I MyOwnTag: <MutaFlowTag>fedea35e-b161-4144-87ef-800018128b6f<MutaFlowTag><android.util.Log: int d(java.lang.String,java.lang.String)>	int d(java.lang.String,java.lang.String)	492	52	29	java.lang.String doInBackground(java.lang.String[])	com.fungamesandapps.admediator.AdMediator$LongOperation<MutaFlowTag>Test List: <MutaFlowTag>Time: 6.809
08-05 00:18:41.496 19585 19625 I MyOwnTag: <MutaFlowTag>fedea35e-b161-4144-87ef-800018128b6f<MutaFlowTag><java.net.URL: void <init>(java.lang.String)>	void <init>(java.lang.String)	101	134	25	org.apache.http.HttpResponse performRequest(com.mopub.volley.Request,java.util.Map)	com.mopub.volley.toolbox.HurlStack<MutaFlowTag>http://ads.mopub.com/m/ad?v=6&id=64c8afa2157c4f4a9d42d85828e672f9&nv=3.7.0&dn=LGE%2CNexus%205X%2Cbullhead&bundle=com.bikiniabs&z=%2B0200&o=p&w=1080&h=1920&sc_a=2.625&ct=2&av=5.1.5&udid=ifa%3A05d6cbe1-b187-4b8b-bd74-a9800f2d7ba5&dnt=0&mr=1&android_perms_ext_storage=1
08-05 00:18:41.817 19585 19682 I MyOwnTag: <MutaFlowTag>fedea35e-b161-4144-87ef-800018128b6f<MutaFlowTag><android.util.Log: int d(java.lang.String,java.lang.String)>	int d(java.lang.String,java.lang.String)	492	52	29	java.lang.String doInBackground(java.lang.String[])	com.fungamesandapps.admediator.AdMediator$LongOperation<MutaFlowTag>Test List: <MutaFlowTag>Time: 7.152
08-05 00:18:41.820 19585 19682 I MyOwnTag: <MutaFlowTag>fedea35e-b161-4144-87ef-800018128b6f<MutaFlowTag><android.util.Log: int d(java.lang.String,java.lang.String)>	int d(java.lang.String,java.lang.String)	559	143	120	java.lang.String doInBackground(java.lang.String[])	com.fungamesandapps.admediator.AdMediator$LongOperation<MutaFlowTag>Test List: <MutaFlowTag>elapsedSeconds: 1.501885121819E9
08-05 00:18:41.822 19585 19682 I MyOwnTag: <MutaFlowTag>fedea35e-b161-4144-87ef-800018128b6f<MutaFlowTag><android.util.Log: int d(java.lang.String,java.lang.String)>	int d(java.lang.String,java.lang.String)	564	162	139	java.lang.String doInBackground(java.lang.String[])	com.fungamesandapps.admediator.AdMediator$LongOperation<MutaFlowTag>Test List: <MutaFlowTag>PR 1 isAvailable: false
08-05 00:18:41.825 19585 19682 I MyOwnTag: <MutaFlowTag>fedea35e-b161-4144-87ef-800018128b6f<MutaFlowTag><android.util.Log: int d(java.lang.String,java.lang.String)>	int d(java.lang.String,java.lang.String)	661	255	232	java.lang.String doInBackground(java.lang.String[])	com.fungamesandapps.admediator.AdMediator$LongOperation<MutaFlowTag>Test List: <MutaFlowTag>cacheInterstitial
08-05 00:18:41.840 19585 19682 I MyOwnTag: <MutaFlowTag>fedea35e-b161-4144-87ef-800018128b6f<MutaFlowTag><android.util.Log: int d(java.lang.String,java.lang.String)>	int d(java.lang.String,java.lang.String)	492	52	29	java.lang.String doInBackground(java.lang.String[])	com.fungamesandapps.admediator.AdMediator$LongOperation<MutaFlowTag>Test List: <MutaFlowTag>Time: 7.175
08-05 00:18:42.172 19585 19682 I MyOwnTag: <MutaFlowTag>fedea35e-b161-4144-87ef-800018128b6f<MutaFlowTag><android.util.Log: int d(java.lang.String,java.lang.String)>	int d(java.lang.String,java.lang.String)	492	52	29	java.lang.String doInBackground(java.lang.String[])	com.fungamesandapps.admediator.AdMediator$LongOperation<MutaFlowTag>Test List: <MutaFlowTag>Time: 7.507
08-05 00:18:42.174 19585 19682 I MyOwnTag: <MutaFlowTag>fedea35e-b161-4144-87ef-800018128b6f<MutaFlowTag><android.util.Log: int d(java.lang.String,java.lang.String)>	int d(java.lang.String,java.lang.String)	559	143	120	java.lang.String doInBackground(java.lang.String[])	com.fungamesandapps.admediator.AdMediator$LongOperation<MutaFlowTag>Test List: <MutaFlowTag>elapsedSeconds: 1.501885122174E9
08-05 00:18:42.177 19585 19682 I MyOwnTag: <MutaFlowTag>fedea35e-b161-4144-87ef-800018128b6f<MutaFlowTag><android.util.Log: int d(java.lang.String,java.lang.String)>	int d(java.lang.String,java.lang.String)	564	162	139	java.lang.String doInBackground(java.lang.String[])	com.fungamesandapps.admediator.AdMediator$LongOperation<MutaFlowTag>Test List: <MutaFlowTag>PR 1 isAvailable: false
08-05 00:18:42.180 19585 19682 I MyOwnTag: <MutaFlowTag>fedea35e-b161-4144-87ef-800018128b6f<MutaFlowTag><android.util.Log: int d(java.lang.String,java.lang.String)>	int d(java.lang.String,java.lang.String)	661	255	232	java.lang.String doInBackground(java.lang.String[])	com.fungamesandapps.admediator.AdMediator$LongOperation<MutaFlowTag>Test List: <MutaFlowTag>cacheInterstitial
08-05 00:18:42.194 19585 19682 I MyOwnTag: <MutaFlowTag>fedea35e-b161-4144-87ef-800018128b6f<MutaFlowTag><android.util.Log: int d(java.lang.String,java.lang.String)>	int d(java.lang.String,java.lang.String)	492	52	29	java.lang.String doInBackground(java.lang.String[])	com.fungamesandapps.admediator.AdMediator$LongOperation<MutaFlowTag>Test List: <MutaFlowTag>Time: 7.529
08-05 00:18:42.536 19585 19682 I MyOwnTag: <MutaFlowTag>fedea35e-b161-4144-87ef-800018128b6f<MutaFlowTag><android.util.Log: int d(java.lang.String,java.lang.String)>	int d(java.lang.String,java.lang.String)	492	52	29	java.lang.String doInBackground(java.lang.String[])	com.fungamesandapps.admediator.AdMediator$LongOperation<MutaFlowTag>Test List: <MutaFlowTag>Time: 7.871
08-05 00:18:42.539 19585 19682 I MyOwnTag: <MutaFlowTag>fedea35e-b161-4144-87ef-800018128b6f<MutaFlowTag><android.util.Log: int d(java.lang.String,java.lang.String)>	int d(java.lang.String,java.lang.String)	559	143	120	java.lang.String doInBackground(java.lang.String[])	com.fungamesandapps.admediator.AdMediator$LongOperation<MutaFlowTag>Test List: <MutaFlowTag>elapsedSeconds: 1.501885122539E9
08-05 00:18:42.543 19585 19682 I MyOwnTag: <MutaFlowTag>fedea35e-b161-4144-87ef-800018128b6f<MutaFlowTag><android.util.Log: int d(java.lang.String,java.lang.String)>	int d(java.lang.String,java.lang.String)	564	162	139	java.lang.String doInBackground(java.lang.String[])	com.fungamesandapps.admediator.AdMediator$LongOperation<MutaFlowTag>Test List: <MutaFlowTag>PR 1 isAvailable: false
08-05 00:18:42.547 19585 19682 I MyOwnTag: <MutaFlowTag>fedea35e-b161-4144-87ef-800018128b6f<MutaFlowTag><android.util.Log: int d(java.lang.String,java.lang.String)>	int d(java.lang.String,java.lang.String)	661	255	232	java.lang.String doInBackground(java.lang.String[])	com.fungamesandapps.admediator.AdMediator$LongOperation<MutaFlowTag>Test List: <MutaFlowTag>cacheInterstitial
08-05 00:18:42.566 19585 19682 I MyOwnTag: <MutaFlowTag>fedea35e-b161-4144-87ef-800018128b6f<MutaFlowTag><android.util.Log: int d(java.lang.String,java.lang.String)>	int d(java.lang.String,java.lang.String)	492	52	29	java.lang.String doInBackground(java.lang.String[])	com.fungamesandapps.admediator.AdMediator$LongOperation<MutaFlowTag>Test List: <MutaFlowTag>Time: 7.901
08-05 00:18:42.874 19585 19682 I MyOwnTag: <MutaFlowTag>fedea35e-b161-4144-87ef-800018128b6f<MutaFlowTag><android.util.Log: int d(java.lang.String,java.lang.String)>	int d(java.lang.String,java.lang.String)	492	52	29	java.lang.String doInBackground(java.lang.String[])	com.fungamesandapps.admediator.AdMediator$LongOperation<MutaFlowTag>Test List: <MutaFlowTag>Time: 8.209
08-05 00:18:42.882 19585 19682 I MyOwnTag: <MutaFlowTag>fedea35e-b161-4144-87ef-800018128b6f<MutaFlowTag><android.util.Log: int d(java.lang.String,java.lang.String)>	int d(java.lang.String,java.lang.String)	559	143	120	java.lang.String doInBackground(java.lang.String[])	com.fungamesandapps.admediator.AdMediator$LongOperation<MutaFlowTag>Test List: <MutaFlowTag>elapsedSeconds: 1.501885122881E9
08-05 00:18:42.883 19585 19682 I MyOwnTag: <MutaFlowTag>fedea35e-b161-4144-87ef-800018128b6f<MutaFlowTag><android.util.Log: int d(java.lang.String,java.lang.String)>	int d(java.lang.String,java.lang.String)	564	162	139	java.lang.String doInBackground(java.lang.String[])	com.fungamesandapps.admediator.AdMediator$LongOperation<MutaFlowTag>Test List: <MutaFlowTag>PR 1 isAvailable: false
08-05 00:18:42.886 19585 19682 I MyOwnTag: <MutaFlowTag>fedea35e-b161-4144-87ef-800018128b6f<MutaFlowTag><android.util.Log: int d(java.lang.String,java.lang.String)>	int d(java.lang.String,java.lang.String)	661	255	232	java.lang.String doInBackground(java.lang.String[])	com.fungamesandapps.admediator.AdMediator$LongOperation<MutaFlowTag>Test List: <MutaFlowTag>cacheInterstitial
08-05 00:18:42.898 19585 19682 I MyOwnTag: <MutaFlowTag>fedea35e-b161-4144-87ef-800018128b6f<MutaFlowTag><android.util.Log: int d(java.lang.String,java.lang.String)>	int d(java.lang.String,java.lang.String)	492	52	29	java.lang.String doInBackground(java.lang.String[])	com.fungamesandapps.admediator.AdMediator$LongOperation<MutaFlowTag>Test List: <MutaFlowTag>Time: 8.233
08-05 00:18:43.222 19585 19682 I MyOwnTag: <MutaFlowTag>fedea35e-b161-4144-87ef-800018128b6f<MutaFlowTag><android.util.Log: int d(java.lang.String,java.lang.String)>	int d(java.lang.String,java.lang.String)	492	52	29	java.lang.String doInBackground(java.lang.String[])	com.fungamesandapps.admediator.AdMediator$LongOperation<MutaFlowTag>Test List: <MutaFlowTag>Time: 8.556
08-05 00:18:43.225 19585 19682 I MyOwnTag: <MutaFlowTag>fedea35e-b161-4144-87ef-800018128b6f<MutaFlowTag><android.util.Log: int d(java.lang.String,java.lang.String)>	int d(java.lang.String,java.lang.String)	559	143	120	java.lang.String doInBackground(java.lang.String[])	com.fungamesandapps.admediator.AdMediator$LongOperation<MutaFlowTag>Test List: <MutaFlowTag>elapsedSeconds: 1.501885123225E9
08-05 00:18:43.228 19585 19682 I MyOwnTag: <MutaFlowTag>fedea35e-b161-4144-87ef-800018128b6f<MutaFlowTag><android.util.Log: int d(java.lang.String,java.lang.String)>	int d(java.lang.String,java.lang.String)	564	162	139	java.lang.String doInBackground(java.lang.String[])	com.fungamesandapps.admediator.AdMediator$LongOperation<MutaFlowTag>Test List: <MutaFlowTag>PR 1 isAvailable: false
08-05 00:18:43.231 19585 19682 I MyOwnTag: <MutaFlowTag>fedea35e-b161-4144-87ef-800018128b6f<MutaFlowTag><android.util.Log: int d(java.lang.String,java.lang.String)>	int d(java.lang.String,java.lang.String)	661	255	232	java.lang.String doInBackground(java.lang.String[])	com.fungamesandapps.admediator.AdMediator$LongOperation<MutaFlowTag>Test List: <MutaFlowTag>cacheInterstitial
08-05 00:18:43.248 19585 19682 I MyOwnTag: <MutaFlowTag>fedea35e-b161-4144-87ef-800018128b6f<MutaFlowTag><android.util.Log: int d(java.lang.String,java.lang.String)>	int d(java.lang.String,java.lang.String)	492	52	29	java.lang.String doInBackground(java.lang.String[])	com.fungamesandapps.admediator.AdMediator$LongOperation<MutaFlowTag>Test List: <MutaFlowTag>Time: 8.583
08-05 00:18:43.569 19585 19682 I MyOwnTag: <MutaFlowTag>fedea35e-b161-4144-87ef-800018128b6f<MutaFlowTag><android.util.Log: int d(java.lang.String,java.lang.String)>	int d(java.lang.String,java.lang.String)	492	52	29	java.lang.String doInBackground(java.lang.String[])	com.fungamesandapps.admediator.AdMediator$LongOperation<MutaFlowTag>Test List: <MutaFlowTag>Time: 8.903
08-05 00:18:43.574 19585 19682 I MyOwnTag: <MutaFlowTag>fedea35e-b161-4144-87ef-800018128b6f<MutaFlowTag><android.util.Log: int d(java.lang.String,java.lang.String)>	int d(java.lang.String,java.lang.String)	559	143	120	java.lang.String doInBackground(java.lang.String[])	com.fungamesandapps.admediator.AdMediator$LongOperation<MutaFlowTag>Test List: <MutaFlowTag>elapsedSeconds: 1.501885123573E9
08-05 00:18:43.578 19585 19682 I MyOwnTag: <MutaFlowTag>fedea35e-b161-4144-87ef-800018128b6f<MutaFlowTag><android.util.Log: int d(java.lang.String,java.lang.String)>	int d(java.lang.String,java.lang.String)	564	162	139	java.lang.String doInBackground(java.lang.String[])	com.fungamesandapps.admediator.AdMediator$LongOperation<MutaFlowTag>Test List: <MutaFlowTag>PR 1 isAvailable: false
08-05 00:18:43.581 19585 19682 I MyOwnTag: <MutaFlowTag>fedea35e-b161-4144-87ef-800018128b6f<MutaFlowTag><android.util.Log: int d(java.lang.String,java.lang.String)>	int d(java.lang.String,java.lang.String)	661	255	232	java.lang.String doInBackground(java.lang.String[])	com.fungamesandapps.admediator.AdMediator$LongOperation<MutaFlowTag>Test List: <MutaFlowTag>cacheInterstitial
08-05 00:18:43.594 19585 19682 I MyOwnTag: <MutaFlowTag>fedea35e-b161-4144-87ef-800018128b6f<MutaFlowTag><android.util.Log: int d(java.lang.String,java.lang.String)>	int d(java.lang.String,java.lang.String)	492	52	29	java.lang.String doInBackground(java.lang.String[])	com.fungamesandapps.admediator.AdMediator$LongOperation<MutaFlowTag>Test List: <MutaFlowTag>Time: 8.929
08-05 00:18:43.903 19585 19585 I MyOwnTag: <MutaFlowTag>fedea35e-b161-4144-87ef-800018128b6f<MutaFlowTag><android.util.Log: int d(java.lang.String,java.lang.String)>	int d(java.lang.String,java.lang.String)	110	75	3	void onInterstitialLoaded(com.mopub.mobileads.MoPubInterstitial)	com.fungamesandapps.admediator.ACMopub<MutaFlowTag>Test List: <MutaFlowTag>Mopub onInterstitialLoaded
08-05 00:18:43.915 19585 19682 I MyOwnTag: <MutaFlowTag>fedea35e-b161-4144-87ef-800018128b6f<MutaFlowTag><android.util.Log: int d(java.lang.String,java.lang.String)>	int d(java.lang.String,java.lang.String)	492	52	29	java.lang.String doInBackground(java.lang.String[])	com.fungamesandapps.admediator.AdMediator$LongOperation<MutaFlowTag>Test List: <MutaFlowTag>Time: 9.25
08-05 00:18:43.917 19585 19682 I MyOwnTag: <MutaFlowTag>fedea35e-b161-4144-87ef-800018128b6f<MutaFlowTag><android.util.Log: int d(java.lang.String,java.lang.String)>	int d(java.lang.String,java.lang.String)	559	143	120	java.lang.String doInBackground(java.lang.String[])	com.fungamesandapps.admediator.AdMediator$LongOperation<MutaFlowTag>Test List: <MutaFlowTag>elapsedSeconds: 1.501885123917E9
08-05 00:18:43.919 19585 19682 I MyOwnTag: <MutaFlowTag>fedea35e-b161-4144-87ef-800018128b6f<MutaFlowTag><android.util.Log: int d(java.lang.String,java.lang.String)>	int d(java.lang.String,java.lang.String)	564	162	139	java.lang.String doInBackground(java.lang.String[])	com.fungamesandapps.admediator.AdMediator$LongOperation<MutaFlowTag>Test List: <MutaFlowTag>PR 1 isAvailable: true
08-05 00:18:43.920 19585 19682 I MyOwnTag: <MutaFlowTag>fedea35e-b161-4144-87ef-800018128b6f<MutaFlowTag><android.util.Log: int d(java.lang.String,java.lang.String)>	int d(java.lang.String,java.lang.String)	582	176	153	java.lang.String doInBackground(java.lang.String[])	com.fungamesandapps.admediator.AdMediator$LongOperation<MutaFlowTag>Test List: <MutaFlowTag>exitonclose showInterstitials: false
08-05 00:18:43.922 19585 19682 I MyOwnTag: <MutaFlowTag>fedea35e-b161-4144-87ef-800018128b6f<MutaFlowTag><android.util.Log: int d(java.lang.String,java.lang.String)>	int d(java.lang.String,java.lang.String)	640	213	190	java.lang.String doInBackground(java.lang.String[])	com.fungamesandapps.admediator.AdMediator$LongOperation<MutaFlowTag>Test List: <MutaFlowTag>Ad loaded in seconds: 9.25
08-05 00:18:43.929 19585 19585 I MyOwnTag: <MutaFlowTag>fedea35e-b161-4144-87ef-800018128b6f<MutaFlowTag><android.content.Intent: android.content.Intent putExtra(java.lang.String,java.lang.String)>	android.content.Intent putExtra(java.lang.String,java.lang.String)	85	13	7	android.content.Intent createIntent(android.content.Context,com.mopub.common.AdReport,java.lang.String,long)	com.mopub.mobileads.MraidActivity<MutaFlowTag>Html-Response-Body<MutaFlowTag><!DOCTYPE html> <html> <head>  <!-- Adgroup is d5be7231cfa049299411e522a3b9f73e -->  <meta name="viewport" content="width=device-width, initial-scale=1.0, user-scalable=no">  <style> body { margin:0; padding:0; overflow:hidden; background:transparent; } </style> <script src="mraid.js"></script> <script type="text/javascript"> if (trackImpressionHelper == null || typeof(trackImpressionHelper) != "function") { function trackImpressionHelper() { var urls = new Array(); var i = 0;  urls[i++]="http://haggler-mopub671-us-e-ec2.liftoff.io/mopub/win_notice?ad_group_id=31792&channel_id=6&creative_id=29242&device_id_sha1=ea0ff568df0cbbd0c780654ef60682eb46330460&source_app_store_id=com.bikiniabs&bid_ts=1501885122921&auction_id=4c25fd14-63dd-4daf-b5b5-2ddf5b5aecb6&auction_price=6.93";  urls[i++]="http://mpx.mopub.com/imp?ad_domain=lovoo.com&adgroup_id=d5be7231cfa049299411e522a3b9f73e&adunit_id=64c8afa2157c4f4a9d42d85828e672f9&ads_creative_id=3a4484cd71694963bc6d9da80379d760&app_id=c960cbef1eeb43c8b9bd186e9f6df960&app_name=Ab%20Workouts%20%E2%80%93%20Belly%20Exercises&auction_time=1501885123&bid_price=7.9&bidder_id=50c9274dfcf54d754c000000&bidder_name=Liftoff&campaign_id=587a783079084d539eaad4f3272491e1&charge_price=6.93&asc_price=0&ck=46EF3&ckenc=2&country=DEU&creative_id=mopub-29242&currency=USD&impression_id=4c25fd14-63dd-4daf-b5b5-2ddf5b5aecb6&latency=0.024&mopub_id=ifa%3A05d6cbe1-b187-4b8b-bd74-a9800f2d7ba5&paid=0&pub_id=69dab7704776449289586c19efaca5d1&pub_name=App%20Business%20Ventures%20LLC&pub_rev0=1001571989552157&request_id=60b329fb1a434aecad24772b712ef5b2&units=0&adgroup_type=marketplace&adgroup_priority=12";  var hiddenSpan = document.createElement('span'); hiddenSpan.style.display = 'none'; var i = 0; for (var i=0;i<urls.length;i++) { var img = document.createElement('img'); img.src = urls[i]; hiddenSpan.appendChild(img); } var body = document.getElementsByTagName('body')[0]; body.appendChild(hiddenSpan); } } </script>  <script type="text/javascript">  function webviewDidAppear() {  if (typeof trackImpressionHelper == 'function') { trackImpressionHelper(); }  }  var handleViewableChangeHasFired = false; var handleViewableChange = function() { if (handleViewableChangeHasFired) { return; } if (mraid.isViewable() === 'true' || mraid.isViewable() === true) { handleViewableChangeHasFired = true; webviewDidAppear(); } }; mraid.addEventListener(mraid.EVENTS.READY, function (e) { mraid.addEventListener('viewableChange', handleViewableChange); handleViewableChange(); });  </script> </head> <body> <div id="liftoff-snippet"
08-05 00:18:43.929 19585 19585 I MyOwnTag:      style="min-width:320px;min-height:480px"
08-05 00:18:43.929 19585 19585 I MyOwnTag:      class="liftoff-android v0 mopub s320x480
08-05 00:18:43.929 19585 19585 I MyOwnTag:             a-com-bikiniabs ">
08-05 00:18:43.929 19585 19585 I MyOwnTag:     <meta name="viewport" content="width=320, user-scalable=no"/>
08-05 00:18:43.929 19585 19585 I MyOwnTag:   <script src="mraid.js"></script>
08-05 00:18:43.929 19585 19585 I MyOwnTag: 
08-05 00:18:43.929 19585 19585 I MyOwnTag: 
08-05 00:18:43.929 19585 19585 I MyOwnTag:   <link rel="stylesheet" href="http://build-cdn.liftoff.io/ad_markup/swipe-interstitial-e-40220a73cbb0c78949f6871b68eb28a5.min.css.gz"/>
08-05 00:18:43.929 19585 19585 I MyOwnTag:     <link rel="stylesheet" href="http://build-cdn.liftoff.io/ad_markup/interactive-dating-138c114bcdf6303147ced4df577fc66a.min.css.gz"/>
08-05 00:18:43.929 19585 19585 I MyOwnTag: 
08-05 00:18:43.929 19585 19585 I MyOwnTag:   <a id="liftoff-link" href="http://analytics.liftoff.io/v1/campaign_click?channel=mopub&amp;ad_group_id=31792&amp;creative_id=29242&amp;auction_id=4c25fd14-63dd-4daf-b5b5-2ddf5b5aecb6&amp;device_id=05d6cbe1-b187-4b8b-bd74-a9800f2d7ba5&amp;device_id_sha1=ea0ff568df0cbbd0c780654ef60682eb46330460&amp;device_id_type=google-aid&amp;device_family=Mobile&amp;device_model=+Unknown&amp;os_version=6.0.1&amp;source_app_store_id=com.bikiniabs&amp;targeted_country_id=64&amp;bid_ts=1501885122921&amp;source_app_name=Ab+Workouts&amp;test_groups=378&amp;creative_tests=&amp;t=1501885122
08-05 00:18:43.932 19585 19763 I MyOwnTag: <MutaFlowTag>fedea35e-b161-4144-87ef-800018128b6f<MutaFlowTag><java.io.Writer: void write(java.lang.String)>	void write(java.lang.String)	327	151	7	shared.com.google.gson.stream.JsonWriter open(int,java.lang.String)	shared.com.google.gson.stream.JsonWriter<MutaFlowTag>{
08-05 00:18:43.934 19585 19585 I MyOwnTag: <MutaFlowTag>fedea35e-b161-4144-87ef-800018128b6f<MutaFlowTag><android.content.Intent: android.content.Intent putExtra(java.lang.String,long)>	android.content.Intent putExtra(java.lang.String,long)	86	14	8	android.content.Intent createIntent(android.content.Context,com.mopub.common.AdReport,java.lang.String,long)	com.mopub.mobileads.MraidActivity<MutaFlowTag>broadcastIdentifier<MutaFlowTag>1
08-05 00:18:43.935 19585 19763 I MyOwnTag: <MutaFlowTag>fedea35e-b161-4144-87ef-800018128b6f<MutaFlowTag><java.io.Writer: void write(java.lang.String)>	void write(java.lang.String)	534	196	7	void string(java.lang.String)	shared.com.google.gson.stream.JsonWriter<MutaFlowTag>"
08-05 00:18:43.936 19585 19763 I MyOwnTag: <MutaFlowTag>fedea35e-b161-4144-87ef-800018128b6f<MutaFlowTag><java.io.Writer: void write(java.lang.String,int,int)>	void write(java.lang.String,int,int)	559	225	36	void string(java.lang.String)	shared.com.google.gson.stream.JsonWriter<MutaFlowTag>connectivity<MutaFlowTag>0<MutaFlowTag>12
08-05 00:18:43.936 19585 19763 I MyOwnTag: <MutaFlowTag>fedea35e-b161-4144-87ef-800018128b6f<MutaFlowTag><java.io.Writer: void write(java.lang.String)>	void write(java.lang.String)	561	227	38	void string(java.lang.String)	shared.com.google.gson.stream.JsonWriter<MutaFlowTag>"
08-05 00:18:43.937 19585 19763 I MyOwnTag: <MutaFlowTag>fedea35e-b161-4144-87ef-800018128b6f<MutaFlowTag><java.io.Writer: void write(java.lang.String)>	void write(java.lang.String)	534	196	7	void string(java.lang.String)	shared.com.google.gson.stream.JsonWriter<MutaFlowTag>"
